Archive member included to satisfy reference by file (symbol)

c:/program files (x86)/atollic/truestudio for stm32 9.0.1/armtools/bin/../lib/gcc/arm-atollic-eabi/6.3.1/../../../../arm-atollic-eabi/lib/armv7e-m/fpu\libc_nano.a(lib_a-init.o)
                              startup\startup_stm32f446xx.o (__libc_init_array)
c:/program files (x86)/atollic/truestudio for stm32 9.0.1/armtools/bin/../lib/gcc/arm-atollic-eabi/6.3.1/../../../../arm-atollic-eabi/lib/armv7e-m/fpu\libc_nano.a(lib_a-malloc.o)
                              Middlewares\ST\STM32_USB_Host_Library\Class\HID\Src\usbh_hid.o (malloc)
c:/program files (x86)/atollic/truestudio for stm32 9.0.1/armtools/bin/../lib/gcc/arm-atollic-eabi/6.3.1/../../../../arm-atollic-eabi/lib/armv7e-m/fpu\libc_nano.a(lib_a-memcpy-stub.o)
                              Src\main.o (memcpy)
c:/program files (x86)/atollic/truestudio for stm32 9.0.1/armtools/bin/../lib/gcc/arm-atollic-eabi/6.3.1/../../../../arm-atollic-eabi/lib/armv7e-m/fpu\libc_nano.a(lib_a-memset.o)
                              Middlewares\ST\STM32_USB_Host_Library\Class\HID\Src\usbh_hid.o (memset)
c:/program files (x86)/atollic/truestudio for stm32 9.0.1/armtools/bin/../lib/gcc/arm-atollic-eabi/6.3.1/../../../../arm-atollic-eabi/lib/armv7e-m/fpu\libc_nano.a(lib_a-nano-freer.o)
                              c:/program files (x86)/atollic/truestudio for stm32 9.0.1/armtools/bin/../lib/gcc/arm-atollic-eabi/6.3.1/../../../../arm-atollic-eabi/lib/armv7e-m/fpu\libc_nano.a(lib_a-malloc.o) (_free_r)
c:/program files (x86)/atollic/truestudio for stm32 9.0.1/armtools/bin/../lib/gcc/arm-atollic-eabi/6.3.1/../../../../arm-atollic-eabi/lib/armv7e-m/fpu\libc_nano.a(lib_a-nano-mallocr.o)
                              c:/program files (x86)/atollic/truestudio for stm32 9.0.1/armtools/bin/../lib/gcc/arm-atollic-eabi/6.3.1/../../../../arm-atollic-eabi/lib/armv7e-m/fpu\libc_nano.a(lib_a-malloc.o) (_malloc_r)
c:/program files (x86)/atollic/truestudio for stm32 9.0.1/armtools/bin/../lib/gcc/arm-atollic-eabi/6.3.1/../../../../arm-atollic-eabi/lib/armv7e-m/fpu\libc_nano.a(lib_a-sbrkr.o)
                              c:/program files (x86)/atollic/truestudio for stm32 9.0.1/armtools/bin/../lib/gcc/arm-atollic-eabi/6.3.1/../../../../arm-atollic-eabi/lib/armv7e-m/fpu\libc_nano.a(lib_a-nano-mallocr.o) (_sbrk_r)
c:/program files (x86)/atollic/truestudio for stm32 9.0.1/armtools/bin/../lib/gcc/arm-atollic-eabi/6.3.1/../../../../arm-atollic-eabi/lib/armv7e-m/fpu\libc_nano.a(lib_a-impure.o)
                              c:/program files (x86)/atollic/truestudio for stm32 9.0.1/armtools/bin/../lib/gcc/arm-atollic-eabi/6.3.1/../../../../arm-atollic-eabi/lib/armv7e-m/fpu\libc_nano.a(lib_a-malloc.o) (_impure_ptr)
c:/program files (x86)/atollic/truestudio for stm32 9.0.1/armtools/bin/../lib/gcc/arm-atollic-eabi/6.3.1/../../../../arm-atollic-eabi/lib/armv7e-m/fpu\libc_nano.a(lib_a-mlock.o)
                              c:/program files (x86)/atollic/truestudio for stm32 9.0.1/armtools/bin/../lib/gcc/arm-atollic-eabi/6.3.1/../../../../arm-atollic-eabi/lib/armv7e-m/fpu\libc_nano.a(lib_a-nano-freer.o) (__malloc_lock)
c:/program files (x86)/atollic/truestudio for stm32 9.0.1/armtools/bin/../lib/gcc/arm-atollic-eabi/6.3.1/../../../../arm-atollic-eabi/lib/armv7e-m/fpu\libc_nano.a(lib_a-reent.o)
                              c:/program files (x86)/atollic/truestudio for stm32 9.0.1/armtools/bin/../lib/gcc/arm-atollic-eabi/6.3.1/../../../../arm-atollic-eabi/lib/armv7e-m/fpu\libc_nano.a(lib_a-sbrkr.o) (errno)
c:/program files (x86)/atollic/truestudio for stm32 9.0.1/armtools/bin/../lib/gcc/arm-atollic-eabi/6.3.1/armv7e-m/fpu\libgcc.a(_aeabi_uldivmod.o)
                              Drivers\STM32F4xx_HAL_Driver\Src\stm32f4xx_hal_rcc.o (__aeabi_uldivmod)
c:/program files (x86)/atollic/truestudio for stm32 9.0.1/armtools/bin/../lib/gcc/arm-atollic-eabi/6.3.1/armv7e-m/fpu\libgcc.a(_udivmoddi4.o)
                              c:/program files (x86)/atollic/truestudio for stm32 9.0.1/armtools/bin/../lib/gcc/arm-atollic-eabi/6.3.1/armv7e-m/fpu\libgcc.a(_aeabi_uldivmod.o) (__udivmoddi4)
c:/program files (x86)/atollic/truestudio for stm32 9.0.1/armtools/bin/../lib/gcc/arm-atollic-eabi/6.3.1/armv7e-m/fpu\libgcc.a(_dvmd_tls.o)
                              c:/program files (x86)/atollic/truestudio for stm32 9.0.1/armtools/bin/../lib/gcc/arm-atollic-eabi/6.3.1/armv7e-m/fpu\libgcc.a(_aeabi_uldivmod.o) (__aeabi_ldiv0)
c:/program files (x86)/atollic/truestudio for stm32 9.0.1/armtools/bin/../lib/gcc/arm-atollic-eabi/6.3.1/../../../../arm-atollic-eabi/lib/armv7e-m/fpu\libnosys.a(sbrk.o)
                              c:/program files (x86)/atollic/truestudio for stm32 9.0.1/armtools/bin/../lib/gcc/arm-atollic-eabi/6.3.1/../../../../arm-atollic-eabi/lib/armv7e-m/fpu\libc_nano.a(lib_a-sbrkr.o) (_sbrk)

Allocating common symbols
Common symbol       size              file

[...]
Memory Configuration

Name             Origin             Length             Attributes
RAM              0x20000000         0x00020000         xrw
FLASH            0x08000000         0x00080000         xr
*default*        0x00000000         0xffffffff

Linker script and memory map

LOAD c:/program files (x86)/atollic/truestudio for stm32 9.0.1/armtools/bin/../lib/gcc/arm-atollic-eabi/6.3.1/armv7e-m/fpu/crti.o
LOAD c:/program files (x86)/atollic/truestudio for stm32 9.0.1/armtools/bin/../lib/gcc/arm-atollic-eabi/6.3.1/armv7e-m/fpu/crtbegin.o
LOAD Drivers\STM32F4xx_HAL_Driver\Src\stm32f4xx_hal.o
LOAD Drivers\STM32F4xx_HAL_Driver\Src\stm32f4xx_hal_cortex.o
LOAD Drivers\STM32F4xx_HAL_Driver\Src\stm32f4xx_hal_dma.o
LOAD Drivers\STM32F4xx_HAL_Driver\Src\stm32f4xx_hal_dma_ex.o
LOAD Drivers\STM32F4xx_HAL_Driver\Src\stm32f4xx_hal_flash.o
LOAD Drivers\STM32F4xx_HAL_Driver\Src\stm32f4xx_hal_flash_ex.o
LOAD Drivers\STM32F4xx_HAL_Driver\Src\stm32f4xx_hal_flash_ramfunc.o
LOAD Drivers\STM32F4xx_HAL_Driver\Src\stm32f4xx_hal_gpio.o
LOAD Drivers\STM32F4xx_HAL_Driver\Src\stm32f4xx_hal_hcd.o
LOAD Drivers\STM32F4xx_HAL_Driver\Src\stm32f4xx_hal_pwr.o
LOAD Drivers\STM32F4xx_HAL_Driver\Src\stm32f4xx_hal_pwr_ex.o
LOAD Drivers\STM32F4xx_HAL_Driver\Src\stm32f4xx_hal_rcc.o
LOAD Drivers\STM32F4xx_HAL_Driver\Src\stm32f4xx_hal_rcc_ex.o
LOAD Drivers\STM32F4xx_HAL_Driver\Src\stm32f4xx_hal_tim.o
LOAD Drivers\STM32F4xx_HAL_Driver\Src\stm32f4xx_hal_tim_ex.o
LOAD Drivers\STM32F4xx_HAL_Driver\Src\stm32f4xx_hal_uart.o
LOAD Drivers\STM32F4xx_HAL_Driver\Src\stm32f4xx_ll_usb.o
LOAD Middlewares\ST\STM32_USB_Host_Library\Class\HID\Src\usbh_hid.o
LOAD Middlewares\ST\STM32_USB_Host_Library\Class\HID\Src\usbh_hid_ds3.o
LOAD Middlewares\ST\STM32_USB_Host_Library\Class\HID\Src\usbh_hid_ds4.o
LOAD Middlewares\ST\STM32_USB_Host_Library\Class\HID\Src\usbh_hid_keybd.o
LOAD Middlewares\ST\STM32_USB_Host_Library\Class\HID\Src\usbh_hid_mouse.o
LOAD Middlewares\ST\STM32_USB_Host_Library\Class\HID\Src\usbh_hid_parser.o
LOAD Middlewares\ST\STM32_USB_Host_Library\Class\XPAD\Src\usbh_xpad.o
LOAD Middlewares\ST\STM32_USB_Host_Library\Core\Src\usbh_core.o
LOAD Middlewares\ST\STM32_USB_Host_Library\Core\Src\usbh_ctlreq.o
LOAD Middlewares\ST\STM32_USB_Host_Library\Core\Src\usbh_ioreq.o
LOAD Middlewares\ST\STM32_USB_Host_Library\Core\Src\usbh_pipes.o
LOAD Src\main.o
LOAD Src\my_wait_us_asm.o
LOAD Src\stm32f4xx_hal_msp.o
LOAD Src\stm32f4xx_it.o
LOAD Src\system_stm32f4xx.o
LOAD Src\usb_host.o
LOAD Src\usbh_conf.o
LOAD startup\startup_stm32f446xx.o
                0x00000080                malloc_getpagesize_P = 0x80
START GROUP
LOAD c:/program files (x86)/atollic/truestudio for stm32 9.0.1/armtools/bin/../lib/gcc/arm-atollic-eabi/6.3.1/../../../../arm-atollic-eabi/lib/armv7e-m/fpu\libc_nano.a
LOAD c:/program files (x86)/atollic/truestudio for stm32 9.0.1/armtools/bin/../lib/gcc/arm-atollic-eabi/6.3.1/../../../../arm-atollic-eabi/lib/armv7e-m/fpu\libm.a
END GROUP
START GROUP
LOAD c:/program files (x86)/atollic/truestudio for stm32 9.0.1/armtools/bin/../lib/gcc/arm-atollic-eabi/6.3.1/armv7e-m/fpu\libgcc.a
LOAD c:/program files (x86)/atollic/truestudio for stm32 9.0.1/armtools/bin/../lib/gcc/arm-atollic-eabi/6.3.1/../../../../arm-atollic-eabi/lib/armv7e-m/fpu\libc_nano.a
END GROUP
START GROUP
LOAD c:/program files (x86)/atollic/truestudio for stm32 9.0.1/armtools/bin/../lib/gcc/arm-atollic-eabi/6.3.1/armv7e-m/fpu\libgcc.a
LOAD c:/program files (x86)/atollic/truestudio for stm32 9.0.1/armtools/bin/../lib/gcc/arm-atollic-eabi/6.3.1/../../../../arm-atollic-eabi/lib/armv7e-m/fpu\libc_nano.a
LOAD c:/program files (x86)/atollic/truestudio for stm32 9.0.1/armtools/bin/../lib/gcc/arm-atollic-eabi/6.3.1/../../../../arm-atollic-eabi/lib/armv7e-m/fpu\libnosys.a
END GROUP
START GROUP
LOAD c:/program files (x86)/atollic/truestudio for stm32 9.0.1/armtools/bin/../lib/gcc/arm-atollic-eabi/6.3.1/armv7e-m/fpu\libgcc.a
LOAD c:/program files (x86)/atollic/truestudio for stm32 9.0.1/armtools/bin/../lib/gcc/arm-atollic-eabi/6.3.1/../../../../arm-atollic-eabi/lib/armv7e-m/fpu\libc_nano.a
LOAD c:/program files (x86)/atollic/truestudio for stm32 9.0.1/armtools/bin/../lib/gcc/arm-atollic-eabi/6.3.1/../../../../arm-atollic-eabi/lib/armv7e-m/fpu\libnosys.a
END GROUP
LOAD c:/program files (x86)/atollic/truestudio for stm32 9.0.1/armtools/bin/../lib/gcc/arm-atollic-eabi/6.3.1/armv7e-m/fpu/crtend.o
LOAD c:/program files (x86)/atollic/truestudio for stm32 9.0.1/armtools/bin/../lib/gcc/arm-atollic-eabi/6.3.1/armv7e-m/fpu/crtn.o
                0x20020000                _estack = 0x20020000
                0x00000200                _Min_Heap_Size = 0x200
                0x00000400                _Min_Stack_Size = 0x400

.isr_vector     0x08000000      0x1c4
                0x08000000                . = ALIGN (0x4)
 *(.isr_vector)
 .isr_vector    0x08000000      0x1c4 startup\startup_stm32f446xx.o
                0x08000000                g_pfnVectors
                0x080001c4                . = ALIGN (0x4)

.text           0x080001c4     0xa6bc
                0x080001c4                . = ALIGN (0x4)
 *(.text)
 .text          0x080001c4       0x40 c:/program files (x86)/atollic/truestudio for stm32 9.0.1/armtools/bin/../lib/gcc/arm-atollic-eabi/6.3.1/armv7e-m/fpu/crtbegin.o
 .text          0x08000204      0x2a0 Src\my_wait_us_asm.o
                0x08000204                my_wait_us_asm
 .text          0x080004a4       0x30 c:/program files (x86)/atollic/truestudio for stm32 9.0.1/armtools/bin/../lib/gcc/arm-atollic-eabi/6.3.1/armv7e-m/fpu\libgcc.a(_aeabi_uldivmod.o)
                0x080004a4                __aeabi_uldivmod
 .text          0x080004d4      0x2dc c:/program files (x86)/atollic/truestudio for stm32 9.0.1/armtools/bin/../lib/gcc/arm-atollic-eabi/6.3.1/armv7e-m/fpu\libgcc.a(_udivmoddi4.o)
                0x080004d4                __udivmoddi4
 .text          0x080007b0        0x4 c:/program files (x86)/atollic/truestudio for stm32 9.0.1/armtools/bin/../lib/gcc/arm-atollic-eabi/6.3.1/armv7e-m/fpu\libgcc.a(_dvmd_tls.o)
                0x080007b0                __aeabi_idiv0
                0x080007b0                __aeabi_ldiv0
 *(.text*)
 .text.HAL_Init
                0x080007b4       0x44 Drivers\STM32F4xx_HAL_Driver\Src\stm32f4xx_hal.o
                0x080007b4                HAL_Init
 .text.HAL_InitTick
                0x080007f8       0x60 Drivers\STM32F4xx_HAL_Driver\Src\stm32f4xx_hal.o
                0x080007f8                HAL_InitTick
 .text.HAL_IncTick
                0x08000858       0x28 Drivers\STM32F4xx_HAL_Driver\Src\stm32f4xx_hal.o
                0x08000858                HAL_IncTick
 .text.HAL_GetTick
                0x08000880       0x18 Drivers\STM32F4xx_HAL_Driver\Src\stm32f4xx_hal.o
                0x08000880                HAL_GetTick
 .text.HAL_Delay
                0x08000898       0x44 Drivers\STM32F4xx_HAL_Driver\Src\stm32f4xx_hal.o
                0x08000898                HAL_Delay
 .text.NVIC_SetPriorityGrouping
                0x080008dc       0x48 Drivers\STM32F4xx_HAL_Driver\Src\stm32f4xx_hal_cortex.o
 .text.NVIC_GetPriorityGrouping
                0x08000924       0x1c Drivers\STM32F4xx_HAL_Driver\Src\stm32f4xx_hal_cortex.o
 .text.NVIC_EnableIRQ
                0x08000940       0x34 Drivers\STM32F4xx_HAL_Driver\Src\stm32f4xx_hal_cortex.o
 .text.NVIC_SetPriority
                0x08000974       0x54 Drivers\STM32F4xx_HAL_Driver\Src\stm32f4xx_hal_cortex.o
 .text.NVIC_EncodePriority
                0x080009c8       0x62 Drivers\STM32F4xx_HAL_Driver\Src\stm32f4xx_hal_cortex.o
 *fill*         0x08000a2a        0x2 
 .text.SysTick_Config
                0x08000a2c       0x44 Drivers\STM32F4xx_HAL_Driver\Src\stm32f4xx_hal_cortex.o
 .text.HAL_NVIC_SetPriorityGrouping
                0x08000a70       0x16 Drivers\STM32F4xx_HAL_Driver\Src\stm32f4xx_hal_cortex.o
                0x08000a70                HAL_NVIC_SetPriorityGrouping
 .text.HAL_NVIC_SetPriority
                0x08000a86       0x38 Drivers\STM32F4xx_HAL_Driver\Src\stm32f4xx_hal_cortex.o
                0x08000a86                HAL_NVIC_SetPriority
 .text.HAL_NVIC_EnableIRQ
                0x08000abe       0x1c Drivers\STM32F4xx_HAL_Driver\Src\stm32f4xx_hal_cortex.o
                0x08000abe                HAL_NVIC_EnableIRQ
 .text.HAL_SYSTICK_Config
                0x08000ada       0x18 Drivers\STM32F4xx_HAL_Driver\Src\stm32f4xx_hal_cortex.o
                0x08000ada                HAL_SYSTICK_Config
 *fill*         0x08000af2        0x2 
 .text.HAL_SYSTICK_CLKSourceConfig
                0x08000af4       0x38 Drivers\STM32F4xx_HAL_Driver\Src\stm32f4xx_hal_cortex.o
                0x08000af4                HAL_SYSTICK_CLKSourceConfig
 .text.HAL_SYSTICK_IRQHandler
                0x08000b2c        0xc Drivers\STM32F4xx_HAL_Driver\Src\stm32f4xx_hal_cortex.o
                0x08000b2c                HAL_SYSTICK_IRQHandler
 .text.HAL_SYSTICK_Callback
                0x08000b38        0xe Drivers\STM32F4xx_HAL_Driver\Src\stm32f4xx_hal_cortex.o
                0x08000b38                HAL_SYSTICK_Callback
 *fill*         0x08000b46        0x2 
 .text.HAL_FLASH_Program
                0x08000b48       0xa8 Drivers\STM32F4xx_HAL_Driver\Src\stm32f4xx_hal_flash.o
                0x08000b48                HAL_FLASH_Program
 .text.HAL_FLASH_Unlock
                0x08000bf0       0x44 Drivers\STM32F4xx_HAL_Driver\Src\stm32f4xx_hal_flash.o
                0x08000bf0                HAL_FLASH_Unlock
 .text.HAL_FLASH_Lock
                0x08000c34       0x20 Drivers\STM32F4xx_HAL_Driver\Src\stm32f4xx_hal_flash.o
                0x08000c34                HAL_FLASH_Lock
 .text.FLASH_WaitForLastOperation
                0x08000c54       0x80 Drivers\STM32F4xx_HAL_Driver\Src\stm32f4xx_hal_flash.o
                0x08000c54                FLASH_WaitForLastOperation
 .text.FLASH_Program_DoubleWord
                0x08000cd4       0x58 Drivers\STM32F4xx_HAL_Driver\Src\stm32f4xx_hal_flash.o
 .text.FLASH_Program_Word
                0x08000d2c       0x44 Drivers\STM32F4xx_HAL_Driver\Src\stm32f4xx_hal_flash.o
 .text.FLASH_Program_HalfWord
                0x08000d70       0x48 Drivers\STM32F4xx_HAL_Driver\Src\stm32f4xx_hal_flash.o
 .text.FLASH_Program_Byte
                0x08000db8       0x44 Drivers\STM32F4xx_HAL_Driver\Src\stm32f4xx_hal_flash.o
 .text.FLASH_SetErrorCode
                0x08000dfc       0xcc Drivers\STM32F4xx_HAL_Driver\Src\stm32f4xx_hal_flash.o
 .text.HAL_FLASHEx_Erase
                0x08000ec8       0xe0 Drivers\STM32F4xx_HAL_Driver\Src\stm32f4xx_hal_flash_ex.o
                0x08000ec8                HAL_FLASHEx_Erase
 .text.FLASH_MassErase
                0x08000fa8       0x48 Drivers\STM32F4xx_HAL_Driver\Src\stm32f4xx_hal_flash_ex.o
 .text.FLASH_Erase_Sector
                0x08000ff0       0x90 Drivers\STM32F4xx_HAL_Driver\Src\stm32f4xx_hal_flash_ex.o
                0x08000ff0                FLASH_Erase_Sector
 .text.FLASH_FlushCaches
                0x08001080       0x8c Drivers\STM32F4xx_HAL_Driver\Src\stm32f4xx_hal_flash_ex.o
                0x08001080                FLASH_FlushCaches
 .text.HAL_GPIO_Init
                0x0800110c      0x324 Drivers\STM32F4xx_HAL_Driver\Src\stm32f4xx_hal_gpio.o
                0x0800110c                HAL_GPIO_Init
 .text.HAL_GPIO_WritePin
                0x08001430       0x32 Drivers\STM32F4xx_HAL_Driver\Src\stm32f4xx_hal_gpio.o
                0x08001430                HAL_GPIO_WritePin
 *fill*         0x08001462        0x2 
 .text.HAL_GPIO_EXTI_IRQHandler
                0x08001464       0x30 Drivers\STM32F4xx_HAL_Driver\Src\stm32f4xx_hal_gpio.o
                0x08001464                HAL_GPIO_EXTI_IRQHandler
 .text.HAL_GPIO_EXTI_Callback
                0x08001494       0x16 Drivers\STM32F4xx_HAL_Driver\Src\stm32f4xx_hal_gpio.o
                0x08001494                HAL_GPIO_EXTI_Callback
 .text.HAL_HCD_Init
                0x080014aa       0x98 Drivers\STM32F4xx_HAL_Driver\Src\stm32f4xx_hal_hcd.o
                0x080014aa                HAL_HCD_Init
 .text.HAL_HCD_HC_Init
                0x08001542      0x10e Drivers\STM32F4xx_HAL_Driver\Src\stm32f4xx_hal_hcd.o
                0x08001542                HAL_HCD_HC_Init
 .text.HAL_HCD_HC_Halt
                0x08001650       0x46 Drivers\STM32F4xx_HAL_Driver\Src\stm32f4xx_hal_hcd.o
                0x08001650                HAL_HCD_HC_Halt
 *fill*         0x08001696        0x2 
 .text.HAL_HCD_HC_SubmitRequest
                0x08001698      0x324 Drivers\STM32F4xx_HAL_Driver\Src\stm32f4xx_hal_hcd.o
                0x08001698                HAL_HCD_HC_SubmitRequest
 .text.HAL_HCD_IRQHandler
                0x080019bc      0x200 Drivers\STM32F4xx_HAL_Driver\Src\stm32f4xx_hal_hcd.o
                0x080019bc                HAL_HCD_IRQHandler
 .text.HAL_HCD_Start
                0x08001bbc       0x46 Drivers\STM32F4xx_HAL_Driver\Src\stm32f4xx_hal_hcd.o
                0x08001bbc                HAL_HCD_Start
 .text.HAL_HCD_Stop
                0x08001c02       0x3a Drivers\STM32F4xx_HAL_Driver\Src\stm32f4xx_hal_hcd.o
                0x08001c02                HAL_HCD_Stop
 .text.HAL_HCD_ResetPort
                0x08001c3c       0x1c Drivers\STM32F4xx_HAL_Driver\Src\stm32f4xx_hal_hcd.o
                0x08001c3c                HAL_HCD_ResetPort
 .text.HAL_HCD_HC_GetURBState
                0x08001c58       0x2a Drivers\STM32F4xx_HAL_Driver\Src\stm32f4xx_hal_hcd.o
                0x08001c58                HAL_HCD_HC_GetURBState
 .text.HAL_HCD_GetCurrentFrame
                0x08001c82       0x1c Drivers\STM32F4xx_HAL_Driver\Src\stm32f4xx_hal_hcd.o
                0x08001c82                HAL_HCD_GetCurrentFrame
 .text.HAL_HCD_GetCurrentSpeed
                0x08001c9e       0x1c Drivers\STM32F4xx_HAL_Driver\Src\stm32f4xx_hal_hcd.o
                0x08001c9e                HAL_HCD_GetCurrentSpeed
 .text.HCD_HC_IN_IRQHandler
                0x08001cba      0x680 Drivers\STM32F4xx_HAL_Driver\Src\stm32f4xx_hal_hcd.o
 .text.HCD_HC_OUT_IRQHandler
                0x0800233a      0x642 Drivers\STM32F4xx_HAL_Driver\Src\stm32f4xx_hal_hcd.o
 .text.HCD_RXQLVL_IRQHandler
                0x0800297c      0x164 Drivers\STM32F4xx_HAL_Driver\Src\stm32f4xx_hal_hcd.o
 .text.HCD_Port_IRQHandler
                0x08002ae0      0x112 Drivers\STM32F4xx_HAL_Driver\Src\stm32f4xx_hal_hcd.o
 *fill*         0x08002bf2        0x2 
 .text.HAL_RCC_ClockConfig
                0x08002bf4      0x1c4 Drivers\STM32F4xx_HAL_Driver\Src\stm32f4xx_hal_rcc.o
                0x08002bf4                HAL_RCC_ClockConfig
 .text.HAL_RCC_GetHCLKFreq
                0x08002db8       0x18 Drivers\STM32F4xx_HAL_Driver\Src\stm32f4xx_hal_rcc.o
                0x08002db8                HAL_RCC_GetHCLKFreq
 .text.HAL_RCC_GetPCLK1Freq
                0x08002dd0       0x28 Drivers\STM32F4xx_HAL_Driver\Src\stm32f4xx_hal_rcc.o
                0x08002dd0                HAL_RCC_GetPCLK1Freq
 .text.HAL_RCC_GetPCLK2Freq
                0x08002df8       0x28 Drivers\STM32F4xx_HAL_Driver\Src\stm32f4xx_hal_rcc.o
                0x08002df8                HAL_RCC_GetPCLK2Freq
 .text.HAL_RCCEx_PeriphCLKConfig
                0x08002e20      0x654 Drivers\STM32F4xx_HAL_Driver\Src\stm32f4xx_hal_rcc_ex.o
                0x08002e20                HAL_RCCEx_PeriphCLKConfig
 .text.HAL_RCC_GetSysClockFreq
                0x08003474      0x36c Drivers\STM32F4xx_HAL_Driver\Src\stm32f4xx_hal_rcc_ex.o
                0x08003474                HAL_RCC_GetSysClockFreq
 .text.HAL_RCC_OscConfig
                0x080037e0      0x4b4 Drivers\STM32F4xx_HAL_Driver\Src\stm32f4xx_hal_rcc_ex.o
                0x080037e0                HAL_RCC_OscConfig
 .text.HAL_UART_Init
                0x08003c94       0x9a Drivers\STM32F4xx_HAL_Driver\Src\stm32f4xx_hal_uart.o
                0x08003c94                HAL_UART_Init
 *fill*         0x08003d2e        0x2 
 .text.UART_SetConfig
                0x08003d30      0x438 Drivers\STM32F4xx_HAL_Driver\Src\stm32f4xx_hal_uart.o
 .text.USB_CoreInit
                0x08004168       0xa2 Drivers\STM32F4xx_HAL_Driver\Src\stm32f4xx_ll_usb.o
                0x08004168                USB_CoreInit
 .text.USB_EnableGlobalInt
                0x0800420a       0x22 Drivers\STM32F4xx_HAL_Driver\Src\stm32f4xx_ll_usb.o
                0x0800420a                USB_EnableGlobalInt
 .text.USB_DisableGlobalInt
                0x0800422c       0x22 Drivers\STM32F4xx_HAL_Driver\Src\stm32f4xx_ll_usb.o
                0x0800422c                USB_DisableGlobalInt
 .text.USB_SetCurrentMode
                0x0800424e       0x4e Drivers\STM32F4xx_HAL_Driver\Src\stm32f4xx_ll_usb.o
                0x0800424e                USB_SetCurrentMode
 .text.USB_FlushTxFifo
                0x0800429c       0x4c Drivers\STM32F4xx_HAL_Driver\Src\stm32f4xx_ll_usb.o
                0x0800429c                USB_FlushTxFifo
 .text.USB_FlushRxFifo
                0x080042e8       0x44 Drivers\STM32F4xx_HAL_Driver\Src\stm32f4xx_ll_usb.o
                0x080042e8                USB_FlushRxFifo
 .text.USB_WritePacket
                0x0800432c       0x6a Drivers\STM32F4xx_HAL_Driver\Src\stm32f4xx_ll_usb.o
                0x0800432c                USB_WritePacket
 .text.USB_ReadPacket
                0x08004396       0x4e Drivers\STM32F4xx_HAL_Driver\Src\stm32f4xx_ll_usb.o
                0x08004396                USB_ReadPacket
 .text.USB_ReadInterrupts
                0x080043e4       0x2a Drivers\STM32F4xx_HAL_Driver\Src\stm32f4xx_ll_usb.o
                0x080043e4                USB_ReadInterrupts
 .text.USB_GetMode
                0x0800440e       0x1c Drivers\STM32F4xx_HAL_Driver\Src\stm32f4xx_ll_usb.o
                0x0800440e                USB_GetMode
 *fill*         0x0800442a        0x2 
 .text.USB_CoreReset
                0x0800442c       0x68 Drivers\STM32F4xx_HAL_Driver\Src\stm32f4xx_ll_usb.o
 .text.USB_HostInit
                0x08004494      0x140 Drivers\STM32F4xx_HAL_Driver\Src\stm32f4xx_ll_usb.o
                0x08004494                USB_HostInit
 .text.USB_InitFSLSPClkSel
                0x080045d4       0x74 Drivers\STM32F4xx_HAL_Driver\Src\stm32f4xx_ll_usb.o
                0x080045d4                USB_InitFSLSPClkSel
 .text.USB_ResetPort
                0x08004648       0x4a Drivers\STM32F4xx_HAL_Driver\Src\stm32f4xx_ll_usb.o
                0x08004648                USB_ResetPort
 .text.USB_DriveVbus
                0x08004692       0x6e Drivers\STM32F4xx_HAL_Driver\Src\stm32f4xx_ll_usb.o
                0x08004692                USB_DriveVbus
 .text.USB_GetHostSpeed
                0x08004700       0x26 Drivers\STM32F4xx_HAL_Driver\Src\stm32f4xx_ll_usb.o
                0x08004700                USB_GetHostSpeed
 .text.USB_GetCurrentFrame
                0x08004726       0x1e Drivers\STM32F4xx_HAL_Driver\Src\stm32f4xx_ll_usb.o
                0x08004726                USB_GetCurrentFrame
 .text.USB_HC_Init
                0x08004744      0x1f8 Drivers\STM32F4xx_HAL_Driver\Src\stm32f4xx_ll_usb.o
                0x08004744                USB_HC_Init
 .text.USB_HC_StartXfer
                0x0800493c      0x27c Drivers\STM32F4xx_HAL_Driver\Src\stm32f4xx_ll_usb.o
                0x0800493c                USB_HC_StartXfer
 .text.USB_HC_ReadInterrupt
                0x08004bb8       0x1e Drivers\STM32F4xx_HAL_Driver\Src\stm32f4xx_ll_usb.o
                0x08004bb8                USB_HC_ReadInterrupt
 .text.USB_HC_Halt
                0x08004bd6      0x1d2 Drivers\STM32F4xx_HAL_Driver\Src\stm32f4xx_ll_usb.o
                0x08004bd6                USB_HC_Halt
 .text.USB_DoPing
                0x08004da8       0x78 Drivers\STM32F4xx_HAL_Driver\Src\stm32f4xx_ll_usb.o
                0x08004da8                USB_DoPing
 .text.USB_StopHost
                0x08004e20      0x108 Drivers\STM32F4xx_HAL_Driver\Src\stm32f4xx_ll_usb.o
                0x08004e20                USB_StopHost
 .text.setPS4LED
                0x08004f28       0x3c Middlewares\ST\STM32_USB_Host_Library\Class\HID\Src\usbh_hid.o
 .text.DetectButtonDS
                0x08004f64       0xf6 Middlewares\ST\STM32_USB_Host_Library\Class\HID\Src\usbh_hid.o
                0x08004f64                DetectButtonDS
 *fill*         0x0800505a        0x2 
 .text.USBH_HID_InterfaceInit
                0x0800505c      0x330 Middlewares\ST\STM32_USB_Host_Library\Class\HID\Src\usbh_hid.o
 .text.USBH_HID_InterfaceDeInit
                0x0800538c       0x8c Middlewares\ST\STM32_USB_Host_Library\Class\HID\Src\usbh_hid.o
 .text.USBH_HID_ClassRequest
                0x08005418      0x200 Middlewares\ST\STM32_USB_Host_Library\Class\HID\Src\usbh_hid.o
 .text.USBH_HID_Process
                0x08005618      0x150 Middlewares\ST\STM32_USB_Host_Library\Class\HID\Src\usbh_hid.o
 .text.USBH_HID_SOFProcess
                0x08005768       0x42 Middlewares\ST\STM32_USB_Host_Library\Class\HID\Src\usbh_hid.o
 .text.USBH_HID_GetHIDReportDescriptor
                0x080057aa       0x32 Middlewares\ST\STM32_USB_Host_Library\Class\HID\Src\usbh_hid.o
                0x080057aa                USBH_HID_GetHIDReportDescriptor
 .text.USBH_HID_GetHIDDescriptor
                0x080057dc       0x32 Middlewares\ST\STM32_USB_Host_Library\Class\HID\Src\usbh_hid.o
                0x080057dc                USBH_HID_GetHIDDescriptor
 .text.USBH_HID_SetIdle
                0x0800580e       0x50 Middlewares\ST\STM32_USB_Host_Library\Class\HID\Src\usbh_hid.o
                0x0800580e                USBH_HID_SetIdle
 .text.USBH_HID_SetReport
                0x0800585e       0x58 Middlewares\ST\STM32_USB_Host_Library\Class\HID\Src\usbh_hid.o
                0x0800585e                USBH_HID_SetReport
 .text.USBH_HID_GetReport
                0x080058b6       0x58 Middlewares\ST\STM32_USB_Host_Library\Class\HID\Src\usbh_hid.o
                0x080058b6                USBH_HID_GetReport
 .text.USBH_HID_SetProtocol
                0x0800590e       0x4a Middlewares\ST\STM32_USB_Host_Library\Class\HID\Src\usbh_hid.o
                0x0800590e                USBH_HID_SetProtocol
 .text.USBH_HID_ParseHIDDesc
                0x08005958       0x76 Middlewares\ST\STM32_USB_Host_Library\Class\HID\Src\usbh_hid.o
 .text.USBH_HID_GetDeviceType
                0x080059ce       0xaa Middlewares\ST\STM32_USB_Host_Library\Class\HID\Src\usbh_hid.o
                0x080059ce                USBH_HID_GetDeviceType
 .text.fifo_init
                0x08005a78       0x38 Middlewares\ST\STM32_USB_Host_Library\Class\HID\Src\usbh_hid.o
                0x08005a78                fifo_init
 .text.fifo_read
                0x08005ab0       0x92 Middlewares\ST\STM32_USB_Host_Library\Class\HID\Src\usbh_hid.o
                0x08005ab0                fifo_read
 .text.fifo_write
                0x08005b42       0xa8 Middlewares\ST\STM32_USB_Host_Library\Class\HID\Src\usbh_hid.o
                0x08005b42                fifo_write
 *fill*         0x08005bea        0x2 
 .text.USBH_HID_EventCallback
                0x08005bec      0xc84 Middlewares\ST\STM32_USB_Host_Library\Class\HID\Src\usbh_hid.o
                0x08005bec                USBH_HID_EventCallback
 .text.USBH_HID_DS3Init
                0x08006870       0x64 Middlewares\ST\STM32_USB_Host_Library\Class\HID\Src\usbh_hid_ds3.o
                0x08006870                USBH_HID_DS3Init
 .text.USBH_HID_DS3Decode
                0x080068d4       0x84 Middlewares\ST\STM32_USB_Host_Library\Class\HID\Src\usbh_hid_ds3.o
 .text.USBH_HID_GetDS3Info
                0x08006958       0x28 Middlewares\ST\STM32_USB_Host_Library\Class\HID\Src\usbh_hid_ds3.o
                0x08006958                USBH_HID_GetDS3Info
 .text.USBH_HID_GetDS3ButtonsAndTriggers
                0x08006980       0xf4 Middlewares\ST\STM32_USB_Host_Library\Class\HID\Src\usbh_hid_ds3.o
                0x08006980                USBH_HID_GetDS3ButtonsAndTriggers
 .text.USBH_HID_DS4Init
                0x08006a74       0x64 Middlewares\ST\STM32_USB_Host_Library\Class\HID\Src\usbh_hid_ds4.o
                0x08006a74                USBH_HID_DS4Init
 .text.USBH_HID_DS4Decode
                0x08006ad8       0x84 Middlewares\ST\STM32_USB_Host_Library\Class\HID\Src\usbh_hid_ds4.o
 .text.USBH_HID_GetDS4Info
                0x08006b5c       0x28 Middlewares\ST\STM32_USB_Host_Library\Class\HID\Src\usbh_hid_ds4.o
                0x08006b5c                USBH_HID_GetDS4Info
 .text.USBH_HID_GetDS4ButtonsAndTriggers
                0x08006b84      0x198 Middlewares\ST\STM32_USB_Host_Library\Class\HID\Src\usbh_hid_ds4.o
                0x08006b84                USBH_HID_GetDS4ButtonsAndTriggers
 .text.USBH_HID_KeybdInit
                0x08006d1c       0xa0 Middlewares\ST\STM32_USB_Host_Library\Class\HID\Src\usbh_hid_keybd.o
                0x08006d1c                USBH_HID_KeybdInit
 .text.USBH_HID_GetKeybdInfo
                0x08006dbc       0x28 Middlewares\ST\STM32_USB_Host_Library\Class\HID\Src\usbh_hid_keybd.o
                0x08006dbc                USBH_HID_GetKeybdInfo
 .text.USBH_HID_KeybdDecode
                0x08006de4      0x120 Middlewares\ST\STM32_USB_Host_Library\Class\HID\Src\usbh_hid_keybd.o
 .text.USBH_HID_MouseInit
                0x08006f04       0x70 Middlewares\ST\STM32_USB_Host_Library\Class\HID\Src\usbh_hid_mouse.o
                0x08006f04                USBH_HID_MouseInit
 .text.HID_ReadItem
                0x08006f74      0x138 Middlewares\ST\STM32_USB_Host_Library\Class\HID\Src\usbh_hid_parser.o
                0x08006f74                HID_ReadItem
 .text.DetectButton
                0x080070ac      0x168 Middlewares\ST\STM32_USB_Host_Library\Class\XPAD\Src\usbh_xpad.o
                0x080070ac                DetectButton
 .text.parseMessage
                0x08007214      0x834 Middlewares\ST\STM32_USB_Host_Library\Class\XPAD\Src\usbh_xpad.o
                0x08007214                parseMessage
 .text.XPAD_360_WIRELESS_ProcessInputData
                0x08007a48       0x40 Middlewares\ST\STM32_USB_Host_Library\Class\XPAD\Src\usbh_xpad.o
                0x08007a48                XPAD_360_WIRELESS_ProcessInputData
 .text.XPAD_360_WIRED_ProcessInputData
                0x08007a88       0x2c Middlewares\ST\STM32_USB_Host_Library\Class\XPAD\Src\usbh_xpad.o
                0x08007a88                XPAD_360_WIRED_ProcessInputData
 .text.XPAD_XBONE_ProcessInputData
                0x08007ab4       0x4c Middlewares\ST\STM32_USB_Host_Library\Class\XPAD\Src\usbh_xpad.o
                0x08007ab4                XPAD_XBONE_ProcessInputData
 .text.USBH_XPAD_Start
                0x08007b00       0xe0 Middlewares\ST\STM32_USB_Host_Library\Class\XPAD\Src\usbh_xpad.o
 .text.USBH_XPAD_Led
                0x08007be0       0x98 Middlewares\ST\STM32_USB_Host_Library\Class\XPAD\Src\usbh_xpad.o
 .text.USBH_XPAD_InterfaceInit
                0x08007c78      0x268 Middlewares\ST\STM32_USB_Host_Library\Class\XPAD\Src\usbh_xpad.o
 .text.USBH_XPAD_InterfaceDeInit
                0x08007ee0       0x98 Middlewares\ST\STM32_USB_Host_Library\Class\XPAD\Src\usbh_xpad.o
 .text.USBH_XPAD_ClassRequest
                0x08007f78       0x16 Middlewares\ST\STM32_USB_Host_Library\Class\XPAD\Src\usbh_xpad.o
 *fill*         0x08007f8e        0x2 
 .text.USBH_XPAD_Process
                0x08007f90       0xa4 Middlewares\ST\STM32_USB_Host_Library\Class\XPAD\Src\usbh_xpad.o
 .text.USBH_XPAD_SOFProcess
                0x08008034       0x16 Middlewares\ST\STM32_USB_Host_Library\Class\XPAD\Src\usbh_xpad.o
 .text.USBH_Init
                0x0800804a       0x54 Middlewares\ST\STM32_USB_Host_Library\Core\Src\usbh_core.o
                0x0800804a                USBH_Init
 .text.DeInitStateMachine
                0x0800809e       0x94 Middlewares\ST\STM32_USB_Host_Library\Core\Src\usbh_core.o
 .text.USBH_RegisterClass
                0x08008132       0x56 Middlewares\ST\STM32_USB_Host_Library\Core\Src\usbh_core.o
                0x08008132                USBH_RegisterClass
 .text.USBH_SelectInterface
                0x08008188       0x38 Middlewares\ST\STM32_USB_Host_Library\Core\Src\usbh_core.o
                0x08008188                USBH_SelectInterface
 .text.USBH_FindInterface
                0x080081c0       0x96 Middlewares\ST\STM32_USB_Host_Library\Core\Src\usbh_core.o
                0x080081c0                USBH_FindInterface
 .text.USBH_Start
                0x08008256       0x20 Middlewares\ST\STM32_USB_Host_Library\Core\Src\usbh_core.o
                0x08008256                USBH_Start
 *fill*         0x08008276        0x2 
 .text.USBH_Process
                0x08008278      0x29c Middlewares\ST\STM32_USB_Host_Library\Core\Src\usbh_core.o
                0x08008278                USBH_Process
 .text.USBH_HandleEnum
                0x08008514      0x234 Middlewares\ST\STM32_USB_Host_Library\Core\Src\usbh_core.o
 .text.USBH_LL_SetTimer
                0x08008748       0x1e Middlewares\ST\STM32_USB_Host_Library\Core\Src\usbh_core.o
                0x08008748                USBH_LL_SetTimer
 .text.USBH_LL_IncTimer
                0x08008766       0x24 Middlewares\ST\STM32_USB_Host_Library\Core\Src\usbh_core.o
                0x08008766                USBH_LL_IncTimer
 .text.USBH_HandleSof
                0x0800878a       0x30 Middlewares\ST\STM32_USB_Host_Library\Core\Src\usbh_core.o
 .text.USBH_LL_Connect
                0x080087ba       0x4c Middlewares\ST\STM32_USB_Host_Library\Core\Src\usbh_core.o
                0x080087ba                USBH_LL_Connect
 .text.USBH_LL_Disconnect
                0x08008806       0x5a Middlewares\ST\STM32_USB_Host_Library\Core\Src\usbh_core.o
                0x08008806                USBH_LL_Disconnect
 .text.USBH_Get_DevDesc
                0x08008860       0x50 Middlewares\ST\STM32_USB_Host_Library\Core\Src\usbh_ctlreq.o
                0x08008860                USBH_Get_DevDesc
 .text.USBH_Get_CfgDesc
                0x080088b0       0x48 Middlewares\ST\STM32_USB_Host_Library\Core\Src\usbh_ctlreq.o
                0x080088b0                USBH_Get_CfgDesc
 .text.USBH_Get_StringDesc
                0x080088f8       0x56 Middlewares\ST\STM32_USB_Host_Library\Core\Src\usbh_ctlreq.o
                0x080088f8                USBH_Get_StringDesc
 .text.USBH_GetDescriptor
                0x0800894e       0x6a Middlewares\ST\STM32_USB_Host_Library\Core\Src\usbh_ctlreq.o
                0x0800894e                USBH_GetDescriptor
 .text.USBH_SetAddress
                0x080089b8       0x48 Middlewares\ST\STM32_USB_Host_Library\Core\Src\usbh_ctlreq.o
                0x080089b8                USBH_SetAddress
 .text.USBH_SetCfg
                0x08008a00       0x46 Middlewares\ST\STM32_USB_Host_Library\Core\Src\usbh_ctlreq.o
                0x08008a00                USBH_SetCfg
 .text.USBH_ClrFeature
                0x08008a46       0x48 Middlewares\ST\STM32_USB_Host_Library\Core\Src\usbh_ctlreq.o
                0x08008a46                USBH_ClrFeature
 .text.USBH_ParseDevDesc
                0x08008a8e       0xe0 Middlewares\ST\STM32_USB_Host_Library\Core\Src\usbh_ctlreq.o
 .text.USBH_ParseCfgDesc
                0x08008b6e      0x14c Middlewares\ST\STM32_USB_Host_Library\Core\Src\usbh_ctlreq.o
 .text.USBH_ParseInterfaceDesc
                0x08008cba       0x5e Middlewares\ST\STM32_USB_Host_Library\Core\Src\usbh_ctlreq.o
 .text.USBH_ParseEPDesc
                0x08008d18       0x5a Middlewares\ST\STM32_USB_Host_Library\Core\Src\usbh_ctlreq.o
 .text.USBH_ParseStringDesc
                0x08008d72       0x66 Middlewares\ST\STM32_USB_Host_Library\Core\Src\usbh_ctlreq.o
 .text.USBH_GetNextDesc
                0x08008dd8       0x36 Middlewares\ST\STM32_USB_Host_Library\Core\Src\usbh_ctlreq.o
                0x08008dd8                USBH_GetNextDesc
 .text.USBH_CtlReq
                0x08008e0e       0x7c Middlewares\ST\STM32_USB_Host_Library\Core\Src\usbh_ctlreq.o
                0x08008e0e                USBH_CtlReq
 *fill*         0x08008e8a        0x2 
 .text.USBH_HandleControl
                0x08008e8c      0x2d0 Middlewares\ST\STM32_USB_Host_Library\Core\Src\usbh_ctlreq.o
 .text.USBH_CtlSendSetup
                0x0800915c       0x34 Middlewares\ST\STM32_USB_Host_Library\Core\Src\usbh_ioreq.o
                0x0800915c                USBH_CtlSendSetup
 .text.USBH_CtlSendData
                0x08009190       0x4a Middlewares\ST\STM32_USB_Host_Library\Core\Src\usbh_ioreq.o
                0x08009190                USBH_CtlSendData
 .text.USBH_CtlReceiveData
                0x080091da       0x3c Middlewares\ST\STM32_USB_Host_Library\Core\Src\usbh_ioreq.o
                0x080091da                USBH_CtlReceiveData
 .text.USBH_InterruptReceiveData
                0x08009216       0x3e Middlewares\ST\STM32_USB_Host_Library\Core\Src\usbh_ioreq.o
                0x08009216                USBH_InterruptReceiveData
 .text.USBH_InterruptSendData
                0x08009254       0x3e Middlewares\ST\STM32_USB_Host_Library\Core\Src\usbh_ioreq.o
                0x08009254                USBH_InterruptSendData
 .text.USBH_OpenPipe
                0x08009292       0x3e Middlewares\ST\STM32_USB_Host_Library\Core\Src\usbh_pipes.o
                0x08009292                USBH_OpenPipe
 .text.USBH_ClosePipe
                0x080092d0       0x20 Middlewares\ST\STM32_USB_Host_Library\Core\Src\usbh_pipes.o
                0x080092d0                USBH_ClosePipe
 .text.USBH_AllocPipe
                0x080092f0       0x40 Middlewares\ST\STM32_USB_Host_Library\Core\Src\usbh_pipes.o
                0x080092f0                USBH_AllocPipe
 .text.USBH_FreePipe
                0x08009330       0x3e Middlewares\ST\STM32_USB_Host_Library\Core\Src\usbh_pipes.o
                0x08009330                USBH_FreePipe
 .text.USBH_GetFreePipe
                0x0800936e       0x48 Middlewares\ST\STM32_USB_Host_Library\Core\Src\usbh_pipes.o
 *fill*         0x080093b6        0x2 
 .text.ChangeButtonMappingKB
                0x080093b8      0x160 Src\main.o
                0x080093b8                ChangeButtonMappingKB
 .text.ChangeButtonMappingController
                0x08009518      0x134 Src\main.o
                0x08009518                ChangeButtonMappingController
 .text.SaveControls
                0x0800964c       0xa4 Src\main.o
                0x0800964c                SaveControls
 .text.LoadControls
                0x080096f0       0x24 Src\main.o
                0x080096f0                LoadControls
 .text.AdvanceState
                0x08009714       0x2c Src\main.o
                0x08009714                AdvanceState
 .text.reverse  0x08009740       0x68 Src\main.o
                0x08009740                reverse
 .text.SetN64DataInputMode
                0x080097a8       0x2c Src\main.o
                0x080097a8                SetN64DataInputMode
 .text.SetN64DataOutputMode
                0x080097d4       0x2c Src\main.o
                0x080097d4                SetN64DataOutputMode
 .text.write_1  0x08009800       0x28 Src\main.o
                0x08009800                write_1
 .text.write_0  0x08009828       0x28 Src\main.o
                0x08009828                write_0
 .text.SendStop
                0x08009850       0x24 Src\main.o
                0x08009850                SendStop
 .text.SendByte
                0x08009874       0x3e Src\main.o
                0x08009874                SendByte
 .text.SendIdentity
                0x080098b2       0x1e Src\main.o
                0x080098b2                SendIdentity
 .text.SendControllerData
                0x080098d0       0x50 Src\main.o
                0x080098d0                SendControllerData
 .text.GetMiddleOfPulse
                0x08009920       0x70 Src\main.o
                0x08009920                GetMiddleOfPulse
 .text.readCommand
                0x08009990       0x68 Src\main.o
                0x08009990                readCommand
 .text.main     0x080099f8       0xe8 Src\main.o
                0x080099f8                main
 .text.SystemClock_Config
                0x08009ae0      0x128 Src\main.o
                0x08009ae0                SystemClock_Config
 .text.MX_USART2_UART_Init
                0x08009c08       0x5c Src\main.o
 .text.MX_GPIO_Init
                0x08009c64      0x1ac Src\main.o
 .text._Error_Handler
                0x08009e10        0xc Src\main.o
                0x08009e10                _Error_Handler
 .text.HAL_MspInit
                0x08009e1c       0xa4 Src\stm32f4xx_hal_msp.o
                0x08009e1c                HAL_MspInit
 .text.HAL_UART_MspInit
                0x08009ec0       0x64 Src\stm32f4xx_hal_msp.o
                0x08009ec0                HAL_UART_MspInit
 .text.SysTick_Handler
                0x08009f24       0x10 Src\stm32f4xx_it.o
                0x08009f24                SysTick_Handler
 .text.EXTI9_5_IRQHandler
                0x08009f34       0x48 Src\stm32f4xx_it.o
                0x08009f34                EXTI9_5_IRQHandler
 .text.OTG_FS_IRQHandler
                0x08009f7c       0x14 Src\stm32f4xx_it.o
                0x08009f7c                OTG_FS_IRQHandler
 .text.SystemInit
                0x08009f90       0x6c Src\system_stm32f4xx.o
                0x08009f90                SystemInit
 .text.MX_USB_HOST_Init
                0x08009ffc       0x38 Src\usb_host.o
                0x08009ffc                MX_USB_HOST_Init
 .text.MX_USB_HOST_Process
                0x0800a034       0x14 Src\usb_host.o
                0x0800a034                MX_USB_HOST_Process
 .text.USBH_UserProcess
                0x0800a048       0x5c Src\usb_host.o
 .text.HAL_HCD_MspInit
                0x0800a0a4       0x98 Src\usbh_conf.o
                0x0800a0a4                HAL_HCD_MspInit
 .text.HAL_HCD_SOF_Callback
                0x0800a13c       0x1c Src\usbh_conf.o
                0x0800a13c                HAL_HCD_SOF_Callback
 .text.HAL_HCD_Connect_Callback
                0x0800a158       0x1c Src\usbh_conf.o
                0x0800a158                HAL_HCD_Connect_Callback
 .text.HAL_HCD_Disconnect_Callback
                0x0800a174       0x1c Src\usbh_conf.o
                0x0800a174                HAL_HCD_Disconnect_Callback
 .text.HAL_HCD_HC_NotifyURBChange_Callback
                0x0800a190       0x1c Src\usbh_conf.o
                0x0800a190                HAL_HCD_HC_NotifyURBChange_Callback
 .text.USBH_LL_Init
                0x0800a1ac       0x80 Src\usbh_conf.o
                0x0800a1ac                USBH_LL_Init
 .text.USBH_LL_Start
                0x0800a22c       0x64 Src\usbh_conf.o
                0x0800a22c                USBH_LL_Start
 .text.USBH_LL_Stop
                0x0800a290       0x64 Src\usbh_conf.o
                0x0800a290                USBH_LL_Stop
 .text.USBH_LL_GetSpeed
                0x0800a2f4       0x4a Src\usbh_conf.o
                0x0800a2f4                USBH_LL_GetSpeed
 *fill*         0x0800a33e        0x2 
 .text.USBH_LL_ResetPort
                0x0800a340       0x64 Src\usbh_conf.o
                0x0800a340                USBH_LL_ResetPort
 .text.USBH_LL_OpenPipe
                0x0800a3a4       0x8c Src\usbh_conf.o
                0x0800a3a4                USBH_LL_OpenPipe
 .text.USBH_LL_ClosePipe
                0x0800a430       0x6c Src\usbh_conf.o
                0x0800a430                USBH_LL_ClosePipe
 .text.USBH_LL_SubmitURB
                0x0800a49c       0x90 Src\usbh_conf.o
                0x0800a49c                USBH_LL_SubmitURB
 .text.USBH_LL_GetURBState
                0x0800a52c       0x26 Src\usbh_conf.o
                0x0800a52c                USBH_LL_GetURBState
 .text.USBH_LL_DriverVBUS
                0x0800a552       0x1c Src\usbh_conf.o
                0x0800a552                USBH_LL_DriverVBUS
 .text.USBH_LL_SetToggle
                0x0800a56e       0x66 Src\usbh_conf.o
                0x0800a56e                USBH_LL_SetToggle
 .text.USBH_Delay
                0x0800a5d4       0x16 Src\usbh_conf.o
                0x0800a5d4                USBH_Delay
 *fill*         0x0800a5ea        0x2 
 .text.Reset_Handler
                0x0800a5ec       0x50 startup\startup_stm32f446xx.o
                0x0800a5ec                Reset_Handler
 .text.Default_Handler
                0x0800a63c        0x2 startup\startup_stm32f446xx.o
                0x0800a63c                RTC_Alarm_IRQHandler
                0x0800a63c                EXTI2_IRQHandler
                0x0800a63c                TIM8_CC_IRQHandler
                0x0800a63c                DebugMon_Handler
                0x0800a63c                SPI4_IRQHandler
                0x0800a63c                TIM1_CC_IRQHandler
                0x0800a63c                DMA2_Stream5_IRQHandler
                0x0800a63c                HardFault_Handler
                0x0800a63c                DMA1_Stream5_IRQHandler
                0x0800a63c                PVD_IRQHandler
                0x0800a63c                SDIO_IRQHandler
                0x0800a63c                TAMP_STAMP_IRQHandler
                0x0800a63c                PendSV_Handler
                0x0800a63c                NMI_Handler
                0x0800a63c                CAN2_RX1_IRQHandler
                0x0800a63c                EXTI3_IRQHandler
                0x0800a63c                TIM8_TRG_COM_TIM14_IRQHandler
                0x0800a63c                TIM1_UP_TIM10_IRQHandler
                0x0800a63c                TIM8_UP_TIM13_IRQHandler
                0x0800a63c                I2C3_ER_IRQHandler
                0x0800a63c                FMPI2C1_Event_IRQHandler
                0x0800a63c                EXTI0_IRQHandler
                0x0800a63c                I2C2_EV_IRQHandler
                0x0800a63c                DMA1_Stream2_IRQHandler
                0x0800a63c                CAN1_RX0_IRQHandler
                0x0800a63c                FPU_IRQHandler
                0x0800a63c                OTG_HS_WKUP_IRQHandler
                0x0800a63c                UsageFault_Handler
                0x0800a63c                CAN2_SCE_IRQHandler
                0x0800a63c                DMA2_Stream2_IRQHandler
                0x0800a63c                SPI1_IRQHandler
                0x0800a63c                TIM6_DAC_IRQHandler
                0x0800a63c                TIM1_BRK_TIM9_IRQHandler
                0x0800a63c                DCMI_IRQHandler
                0x0800a63c                CAN2_RX0_IRQHandler
                0x0800a63c                DMA2_Stream3_IRQHandler
                0x0800a63c                SAI2_IRQHandler
                0x0800a63c                USART6_IRQHandler
                0x0800a63c                USART3_IRQHandler
                0x0800a63c                CAN1_RX1_IRQHandler
                0x0800a63c                UART5_IRQHandler
                0x0800a63c                DMA2_Stream0_IRQHandler
                0x0800a63c                TIM4_IRQHandler
                0x0800a63c                QUADSPI_IRQHandler
                0x0800a63c                I2C1_EV_IRQHandler
                0x0800a63c                DMA1_Stream6_IRQHandler
                0x0800a63c                DMA1_Stream1_IRQHandler
                0x0800a63c                UART4_IRQHandler
                0x0800a63c                TIM3_IRQHandler
                0x0800a63c                RCC_IRQHandler
                0x0800a63c                TIM8_BRK_TIM12_IRQHandler
                0x0800a63c                Default_Handler
                0x0800a63c                CEC_IRQHandler
                0x0800a63c                EXTI15_10_IRQHandler
                0x0800a63c                ADC_IRQHandler
                0x0800a63c                DMA1_Stream7_IRQHandler
                0x0800a63c                TIM7_IRQHandler
                0x0800a63c                CAN2_TX_IRQHandler
                0x0800a63c                TIM5_IRQHandler
                0x0800a63c                DMA2_Stream7_IRQHandler
                0x0800a63c                I2C3_EV_IRQHandler
                0x0800a63c                RTC_WKUP_IRQHandler
                0x0800a63c                SPDIF_RX_IRQHandler
                0x0800a63c                SPI2_IRQHandler
                0x0800a63c                OTG_HS_EP1_IN_IRQHandler
                0x0800a63c                MemManage_Handler
                0x0800a63c                DMA1_Stream0_IRQHandler
                0x0800a63c                CAN1_TX_IRQHandler
                0x0800a63c                SVC_Handler
                0x0800a63c                EXTI4_IRQHandler
                0x0800a63c                OTG_HS_EP1_OUT_IRQHandler
                0x0800a63c                WWDG_IRQHandler
                0x0800a63c                TIM2_IRQHandler
                0x0800a63c                OTG_FS_WKUP_IRQHandler
                0x0800a63c                TIM1_TRG_COM_TIM11_IRQHandler
                0x0800a63c                OTG_HS_IRQHandler
                0x0800a63c                EXTI1_IRQHandler
                0x0800a63c                USART2_IRQHandler
                0x0800a63c                I2C2_ER_IRQHandler
                0x0800a63c                DMA2_Stream1_IRQHandler
                0x0800a63c                CAN1_SCE_IRQHandler
                0x0800a63c                FLASH_IRQHandler
                0x0800a63c                DMA2_Stream4_IRQHandler
                0x0800a63c                BusFault_Handler
                0x0800a63c                USART1_IRQHandler
                0x0800a63c                SPI3_IRQHandler
                0x0800a63c                DMA1_Stream4_IRQHandler
                0x0800a63c                I2C1_ER_IRQHandler
                0x0800a63c                FMC_IRQHandler
                0x0800a63c                DMA2_Stream6_IRQHandler
                0x0800a63c                SAI1_IRQHandler
                0x0800a63c                DMA1_Stream3_IRQHandler
                0x0800a63c                FMPI2C1_Error_IRQHandler
 *fill*         0x0800a63e        0x2 
 .text.__libc_init_array
                0x0800a640       0x48 c:/program files (x86)/atollic/truestudio for stm32 9.0.1/armtools/bin/../lib/gcc/arm-atollic-eabi/6.3.1/../../../../arm-atollic-eabi/lib/armv7e-m/fpu\libc_nano.a(lib_a-init.o)
                0x0800a640                __libc_init_array
 .text.malloc   0x0800a688       0x10 c:/program files (x86)/atollic/truestudio for stm32 9.0.1/armtools/bin/../lib/gcc/arm-atollic-eabi/6.3.1/../../../../arm-atollic-eabi/lib/armv7e-m/fpu\libc_nano.a(lib_a-malloc.o)
                0x0800a688                malloc
 .text.free     0x0800a698       0x10 c:/program files (x86)/atollic/truestudio for stm32 9.0.1/armtools/bin/../lib/gcc/arm-atollic-eabi/6.3.1/../../../../arm-atollic-eabi/lib/armv7e-m/fpu\libc_nano.a(lib_a-malloc.o)
                0x0800a698                free
 .text.memcpy   0x0800a6a8       0x16 c:/program files (x86)/atollic/truestudio for stm32 9.0.1/armtools/bin/../lib/gcc/arm-atollic-eabi/6.3.1/../../../../arm-atollic-eabi/lib/armv7e-m/fpu\libc_nano.a(lib_a-memcpy-stub.o)
                0x0800a6a8                memcpy
 .text.memset   0x0800a6be       0x10 c:/program files (x86)/atollic/truestudio for stm32 9.0.1/armtools/bin/../lib/gcc/arm-atollic-eabi/6.3.1/../../../../arm-atollic-eabi/lib/armv7e-m/fpu\libc_nano.a(lib_a-memset.o)
                0x0800a6be                memset
 *fill*         0x0800a6ce        0x2 
 .text._free_r  0x0800a6d0       0x9c c:/program files (x86)/atollic/truestudio for stm32 9.0.1/armtools/bin/../lib/gcc/arm-atollic-eabi/6.3.1/../../../../arm-atollic-eabi/lib/armv7e-m/fpu\libc_nano.a(lib_a-nano-freer.o)
                0x0800a6d0                _free_r
 .text._malloc_r
                0x0800a76c       0xbc c:/program files (x86)/atollic/truestudio for stm32 9.0.1/armtools/bin/../lib/gcc/arm-atollic-eabi/6.3.1/../../../../arm-atollic-eabi/lib/armv7e-m/fpu\libc_nano.a(lib_a-nano-mallocr.o)
                0x0800a76c                _malloc_r
 .text._sbrk_r  0x0800a828       0x20 c:/program files (x86)/atollic/truestudio for stm32 9.0.1/armtools/bin/../lib/gcc/arm-atollic-eabi/6.3.1/../../../../arm-atollic-eabi/lib/armv7e-m/fpu\libc_nano.a(lib_a-sbrkr.o)
                0x0800a828                _sbrk_r
 .text.__malloc_lock
                0x0800a848        0x2 c:/program files (x86)/atollic/truestudio for stm32 9.0.1/armtools/bin/../lib/gcc/arm-atollic-eabi/6.3.1/../../../../arm-atollic-eabi/lib/armv7e-m/fpu\libc_nano.a(lib_a-mlock.o)
                0x0800a848                __malloc_lock
 .text.__malloc_unlock
                0x0800a84a        0x2 c:/program files (x86)/atollic/truestudio for stm32 9.0.1/armtools/bin/../lib/gcc/arm-atollic-eabi/6.3.1/../../../../arm-atollic-eabi/lib/armv7e-m/fpu\libc_nano.a(lib_a-mlock.o)
                0x0800a84a                __malloc_unlock
 .text._sbrk    0x0800a84c       0x1c c:/program files (x86)/atollic/truestudio for stm32 9.0.1/armtools/bin/../lib/gcc/arm-atollic-eabi/6.3.1/../../../../arm-atollic-eabi/lib/armv7e-m/fpu\libnosys.a(sbrk.o)
                0x0800a84c                _sbrk
 *(.glue_7)
 .glue_7        0x0800a868        0x0 linker stubs
 *(.glue_7t)
 .glue_7t       0x0800a868        0x0 linker stubs
 *(.eh_frame)
 .eh_frame      0x0800a868        0x0 c:/program files (x86)/atollic/truestudio for stm32 9.0.1/armtools/bin/../lib/gcc/arm-atollic-eabi/6.3.1/armv7e-m/fpu/crtbegin.o
 *(.init)
 .init          0x0800a868        0x4 c:/program files (x86)/atollic/truestudio for stm32 9.0.1/armtools/bin/../lib/gcc/arm-atollic-eabi/6.3.1/armv7e-m/fpu/crti.o
                0x0800a868                _init
 .init          0x0800a86c        0x8 c:/program files (x86)/atollic/truestudio for stm32 9.0.1/armtools/bin/../lib/gcc/arm-atollic-eabi/6.3.1/armv7e-m/fpu/crtn.o
 *(.fini)
 .fini          0x0800a874        0x4 c:/program files (x86)/atollic/truestudio for stm32 9.0.1/armtools/bin/../lib/gcc/arm-atollic-eabi/6.3.1/armv7e-m/fpu/crti.o
                0x0800a874                _fini
 .fini          0x0800a878        0x8 c:/program files (x86)/atollic/truestudio for stm32 9.0.1/armtools/bin/../lib/gcc/arm-atollic-eabi/6.3.1/armv7e-m/fpu/crtn.o
                0x0800a880                . = ALIGN (0x4)
                0x0800a880                _etext = .

.vfp11_veneer   0x0800a880        0x0
 .vfp11_veneer  0x0800a880        0x0 linker stubs

.v4_bx          0x0800a880        0x0
 .v4_bx         0x0800a880        0x0 linker stubs

.iplt           0x0800a880        0x0
 .iplt          0x0800a880        0x0 c:/program files (x86)/atollic/truestudio for stm32 9.0.1/armtools/bin/../lib/gcc/arm-atollic-eabi/6.3.1/armv7e-m/fpu/crtbegin.o

.rodata         0x0800a880      0x1ac
                0x0800a880                . = ALIGN (0x4)
 *(.rodata)
 .rodata        0x0800a880        0x8 Middlewares\ST\STM32_USB_Host_Library\Class\HID\Src\usbh_hid.o
 .rodata        0x0800a888        0x5 Middlewares\ST\STM32_USB_Host_Library\Class\XPAD\Src\usbh_xpad.o
 *fill*         0x0800a88d        0x3 
 .rodata        0x0800a890        0xe Src\main.o
 *fill*         0x0800a89e        0x2 
 .rodata        0x0800a8a0       0x13 Src\usbh_conf.o
 *(.rodata*)
 *fill*         0x0800a8b3        0x1 
 .rodata.imp_0_ds3_byte
                0x0800a8b4       0x20 Middlewares\ST\STM32_USB_Host_Library\Class\HID\Src\usbh_hid_ds3.o
 .rodata.imp_0_ds4_byte
                0x0800a8d4       0x20 Middlewares\ST\STM32_USB_Host_Library\Class\HID\Src\usbh_hid_ds4.o
 .rodata.imp_0_lctrl
                0x0800a8f4       0x20 Middlewares\ST\STM32_USB_Host_Library\Class\HID\Src\usbh_hid_keybd.o
 .rodata.imp_0_lshift
                0x0800a914       0x20 Middlewares\ST\STM32_USB_Host_Library\Class\HID\Src\usbh_hid_keybd.o
 .rodata.imp_0_lalt
                0x0800a934       0x20 Middlewares\ST\STM32_USB_Host_Library\Class\HID\Src\usbh_hid_keybd.o
 .rodata.imp_0_lgui
                0x0800a954       0x20 Middlewares\ST\STM32_USB_Host_Library\Class\HID\Src\usbh_hid_keybd.o
 .rodata.imp_0_rctrl
                0x0800a974       0x20 Middlewares\ST\STM32_USB_Host_Library\Class\HID\Src\usbh_hid_keybd.o
 .rodata.imp_0_rshift
                0x0800a994       0x20 Middlewares\ST\STM32_USB_Host_Library\Class\HID\Src\usbh_hid_keybd.o
 .rodata.imp_0_ralt
                0x0800a9b4       0x20 Middlewares\ST\STM32_USB_Host_Library\Class\HID\Src\usbh_hid_keybd.o
 .rodata.imp_0_rgui
                0x0800a9d4       0x20 Middlewares\ST\STM32_USB_Host_Library\Class\HID\Src\usbh_hid_keybd.o
 .rodata.imp_0_key_array
                0x0800a9f4       0x20 Middlewares\ST\STM32_USB_Host_Library\Class\HID\Src\usbh_hid_keybd.o
 .rodata.AHBPrescTable
                0x0800aa14       0x10 Src\system_stm32f4xx.o
                0x0800aa14                AHBPrescTable
 .rodata.APBPrescTable
                0x0800aa24        0x8 Src\system_stm32f4xx.o
                0x0800aa24                APBPrescTable
                0x0800aa2c                . = ALIGN (0x4)

.ARM.extab
 *(.ARM.extab* .gnu.linkonce.armextab.*)

.ARM            0x0800aa2c        0x8
                0x0800aa2c                __exidx_start = .
 *(.ARM.exidx*)
 .ARM.exidx     0x0800aa2c        0x8 c:/program files (x86)/atollic/truestudio for stm32 9.0.1/armtools/bin/../lib/gcc/arm-atollic-eabi/6.3.1/armv7e-m/fpu\libgcc.a(_udivmoddi4.o)
                0x0800aa34                __exidx_end = .

.rel.dyn        0x0800aa34        0x0
 .rel.iplt      0x0800aa34        0x0 c:/program files (x86)/atollic/truestudio for stm32 9.0.1/armtools/bin/../lib/gcc/arm-atollic-eabi/6.3.1/armv7e-m/fpu/crtbegin.o

.preinit_array  0x0800aa34        0x0
                0x0800aa34                PROVIDE (__preinit_array_start, .)
 *(.preinit_array*)
                0x0800aa34                PROVIDE (__preinit_array_end, .)

.init_array     0x0800aa34        0x4
                0x0800aa34                PROVIDE (__init_array_start, .)
 *(SORT(.init_array.*))
 *(.init_array*)
 .init_array    0x0800aa34        0x4 c:/program files (x86)/atollic/truestudio for stm32 9.0.1/armtools/bin/../lib/gcc/arm-atollic-eabi/6.3.1/armv7e-m/fpu/crtbegin.o
                0x0800aa38                PROVIDE (__init_array_end, .)

.fini_array     0x0800aa38        0x4
                [!provide]                PROVIDE (__fini_array_start, .)
 *(SORT(.fini_array.*))
 *(.fini_array*)
 .fini_array    0x0800aa38        0x4 c:/program files (x86)/atollic/truestudio for stm32 9.0.1/armtools/bin/../lib/gcc/arm-atollic-eabi/6.3.1/armv7e-m/fpu/crtbegin.o
                [!provide]                PROVIDE (__fini_array_end, .)
                0x0800aa3c                _sidata = LOADADDR (.data)

.data           0x20000000       0xe4 load address 0x0800aa3c
                0x20000000                . = ALIGN (0x4)
                0x20000000                _sdata = .
 *(.data)
 *(.data*)
 .data.uwTickPrio
                0x20000000        0x4 Drivers\STM32F4xx_HAL_Driver\Src\stm32f4xx_hal.o
                0x20000000                uwTickPrio
 .data.uwTickFreq
                0x20000004        0x1 Drivers\STM32F4xx_HAL_Driver\Src\stm32f4xx_hal.o
                0x20000004                uwTickFreq
 *fill*         0x20000005        0x3 
 .data.led_buffer
                0x20000008       0x30 Middlewares\ST\STM32_USB_Host_Library\Class\HID\Src\usbh_hid.o
 .data.HID_Class
                0x20000038       0x20 Middlewares\ST\STM32_USB_Host_Library\Class\HID\Src\usbh_hid.o
                0x20000038                HID_Class
 .data.XPAD_Class
                0x20000058       0x20 Middlewares\ST\STM32_USB_Host_Library\Class\XPAD\Src\usbh_xpad.o
                0x20000058                XPAD_Class
 .data.saveData
                0x20000078        0x4 Src\main.o
                0x20000078                saveData
 .data.SystemCoreClock
                0x2000007c        0x4 Src\system_stm32f4xx.o
                0x2000007c                SystemCoreClock
 .data._impure_ptr
                0x20000080        0x4 c:/program files (x86)/atollic/truestudio for stm32 9.0.1/armtools/bin/../lib/gcc/arm-atollic-eabi/6.3.1/../../../../arm-atollic-eabi/lib/armv7e-m/fpu\libc_nano.a(lib_a-impure.o)
                0x20000080                _impure_ptr
 .data.impure_data
                0x20000084       0x60 c:/program files (x86)/atollic/truestudio for stm32 9.0.1/armtools/bin/../lib/gcc/arm-atollic-eabi/6.3.1/../../../../arm-atollic-eabi/lib/armv7e-m/fpu\libc_nano.a(lib_a-impure.o)
                0x200000e4                . = ALIGN (0x4)
                0x200000e4                _edata = .

.igot.plt       0x200000e4        0x0 load address 0x0800ab20
 .igot.plt      0x200000e4        0x0 c:/program files (x86)/atollic/truestudio for stm32 9.0.1/armtools/bin/../lib/gcc/arm-atollic-eabi/6.3.1/armv7e-m/fpu/crtbegin.o
                0x200000e4                . = ALIGN (0x4)

.bss            0x200000e4      0x904 load address 0x0800ab20
                0x200000e4                _sbss = .
                0x200000e4                __bss_start__ = _sbss
 *(.bss)
 .bss           0x200000e4       0x1c c:/program files (x86)/atollic/truestudio for stm32 9.0.1/armtools/bin/../lib/gcc/arm-atollic-eabi/6.3.1/armv7e-m/fpu/crtbegin.o
 *(.bss*)
 .bss.rgb_buffer
                0x20000100       0x20 Middlewares\ST\STM32_USB_Host_Library\Class\HID\Src\usbh_hid.o
 .bss.keyboardButtonPressed
                0x20000120        0x1 Middlewares\ST\STM32_USB_Host_Library\Class\HID\Src\usbh_hid.o
                0x20000120                keyboardButtonPressed
 .bss.dsButtonPressed
                0x20000121        0x1 Middlewares\ST\STM32_USB_Host_Library\Class\HID\Src\usbh_hid.o
                0x20000121                dsButtonPressed
 .bss.LSY       0x20000122        0x1 Middlewares\ST\STM32_USB_Host_Library\Class\XPAD\Src\usbh_xpad.o
                0x20000122                LSY
 .bss.LSX       0x20000123        0x1 Middlewares\ST\STM32_USB_Host_Library\Class\XPAD\Src\usbh_xpad.o
                0x20000123                LSX
 .bss.Lt        0x20000124        0x1 Middlewares\ST\STM32_USB_Host_Library\Class\XPAD\Src\usbh_xpad.o
                0x20000124                Lt
 .bss.Rt        0x20000125        0x1 Middlewares\ST\STM32_USB_Host_Library\Class\XPAD\Src\usbh_xpad.o
                0x20000125                Rt
 .bss.serial    0x20000126        0x1 Middlewares\ST\STM32_USB_Host_Library\Class\XPAD\Src\usbh_xpad.o
                0x20000126                serial
 .bss.xpadButtonPressed
                0x20000127        0x1 Middlewares\ST\STM32_USB_Host_Library\Class\XPAD\Src\usbh_xpad.o
                0x20000127                xpadButtonPressed
 .bss.state     0x20000128        0x1 Src\main.o
                0x20000128                state
 .bss.blueButtonPressed
                0x20000129        0x1 Src\main.o
                0x20000129                blueButtonPressed
 .bss.type      0x2000012a        0x1 Src\main.o
                0x2000012a                type
 .bss.Appli_state
                0x2000012b        0x1 Src\usb_host.o
                0x2000012b                Appli_state
 .bss.__malloc_free_list
                0x2000012c        0x4 c:/program files (x86)/atollic/truestudio for stm32 9.0.1/armtools/bin/../lib/gcc/arm-atollic-eabi/6.3.1/../../../../arm-atollic-eabi/lib/armv7e-m/fpu\libc_nano.a(lib_a-nano-mallocr.o)
                0x2000012c                __malloc_free_list
 .bss.__malloc_sbrk_start
                0x20000130        0x4 c:/program files (x86)/atollic/truestudio for stm32 9.0.1/armtools/bin/../lib/gcc/arm-atollic-eabi/6.3.1/../../../../arm-atollic-eabi/lib/armv7e-m/fpu\libc_nano.a(lib_a-nano-mallocr.o)
                0x20000130                __malloc_sbrk_start
 .bss.heap_end.5239
                0x20000134        0x4 c:/program files (x86)/atollic/truestudio for stm32 9.0.1/armtools/bin/../lib/gcc/arm-atollic-eabi/6.3.1/../../../../arm-atollic-eabi/lib/armv7e-m/fpu\libnosys.a(sbrk.o)
 *(COMMON)
 COMMON         0x20000138        0x4 Drivers\STM32F4xx_HAL_Driver\Src\stm32f4xx_hal.o
                0x20000138                uwTick
 COMMON         0x2000013c       0x20 Drivers\STM32F4xx_HAL_Driver\Src\stm32f4xx_hal_flash.o
                0x2000013c                pFlash
 COMMON         0x2000015c       0x60 Middlewares\ST\STM32_USB_Host_Library\Class\HID\Src\usbh_hid_ds3.o
                0x2000015c                ds3_report_data
                0x2000018c                ds3_data
 COMMON         0x200001bc       0x70 Middlewares\ST\STM32_USB_Host_Library\Class\HID\Src\usbh_hid_ds4.o
                0x200001bc                ds4_data
                0x200001fc                ds4_report_data
 COMMON         0x2000022c       0x17 Middlewares\ST\STM32_USB_Host_Library\Class\HID\Src\usbh_hid_keybd.o
                0x2000022c                keybd_report_data
                0x20000234                keybd_info
 *fill*         0x20000243        0x1 
 COMMON         0x20000244        0xc Middlewares\ST\STM32_USB_Host_Library\Class\HID\Src\usbh_hid_mouse.o
                0x20000244                mouse_info
                0x2000024c                mouse_report_data
 COMMON         0x20000250       0x32 Middlewares\ST\STM32_USB_Host_Library\Class\XPAD\Src\usbh_xpad.o
                0x20000250                stick_ly
                0x20000252                trigger_l
                0x20000254                stick_ry
                0x20000256                stick_lx
                0x20000258                buttons
                0x2000025c                trigger_r
                0x20000260                report
                0x20000280                stick_rx
 *fill*         0x20000282        0x2 
 COMMON         0x20000284       0xc8 Src\main.o
                0x20000284                controls
                0x20000308                n64_data
                0x2000030c                huart2
 COMMON         0x2000034c      0x400 Src\usb_host.o
                0x2000034c                hUsbHostFS
 COMMON         0x2000074c      0x298 Src\usbh_conf.o
                0x2000074c                hhcd_USB_OTG_FS
 COMMON         0x200009e4        0x4 c:/program files (x86)/atollic/truestudio for stm32 9.0.1/armtools/bin/../lib/gcc/arm-atollic-eabi/6.3.1/../../../../arm-atollic-eabi/lib/armv7e-m/fpu\libc_nano.a(lib_a-reent.o)
                0x200009e4                errno
                0x200009e8                . = ALIGN (0x4)
                0x200009e8                _ebss = .
                0x200009e8                __bss_end__ = _ebss

._user_heap_stack
                0x200009e8      0x600 load address 0x0800ab20
                0x200009e8                . = ALIGN (0x4)
                0x200009e8                PROVIDE (end, .)
                [!provide]                PROVIDE (_end, .)
                0x20000be8                . = (. + _Min_Heap_Size)
 *fill*         0x200009e8      0x200 
                0x20000fe8                . = (. + _Min_Stack_Size)
 *fill*         0x20000be8      0x400 
                0x20000fe8                . = ALIGN (0x4)

/DISCARD/
 libc.a(*)
 libm.a(*)
 libgcc.a(*)

.ARM.attributes
                0x00000000       0x30
 *(.ARM.attributes)
 .ARM.attributes
                0x00000000       0x22 c:/program files (x86)/atollic/truestudio for stm32 9.0.1/armtools/bin/../lib/gcc/arm-atollic-eabi/6.3.1/armv7e-m/fpu/crti.o
 .ARM.attributes
                0x00000022       0x34 c:/program files (x86)/atollic/truestudio for stm32 9.0.1/armtools/bin/../lib/gcc/arm-atollic-eabi/6.3.1/armv7e-m/fpu/crtbegin.o
 .ARM.attributes
                0x00000056       0x39 Drivers\STM32F4xx_HAL_Driver\Src\stm32f4xx_hal.o
 .ARM.attributes
                0x0000008f       0x39 Drivers\STM32F4xx_HAL_Driver\Src\stm32f4xx_hal_cortex.o
 .ARM.attributes
                0x000000c8       0x39 Drivers\STM32F4xx_HAL_Driver\Src\stm32f4xx_hal_flash.o
 .ARM.attributes
                0x00000101       0x39 Drivers\STM32F4xx_HAL_Driver\Src\stm32f4xx_hal_flash_ex.o
 .ARM.attributes
                0x0000013a       0x39 Drivers\STM32F4xx_HAL_Driver\Src\stm32f4xx_hal_gpio.o
 .ARM.attributes
                0x00000173       0x39 Drivers\STM32F4xx_HAL_Driver\Src\stm32f4xx_hal_hcd.o
 .ARM.attributes
                0x000001ac       0x39 Drivers\STM32F4xx_HAL_Driver\Src\stm32f4xx_hal_rcc.o
 .ARM.attributes
                0x000001e5       0x39 Drivers\STM32F4xx_HAL_Driver\Src\stm32f4xx_hal_rcc_ex.o
 .ARM.attributes
                0x0000021e       0x39 Drivers\STM32F4xx_HAL_Driver\Src\stm32f4xx_hal_uart.o
 .ARM.attributes
                0x00000257       0x39 Drivers\STM32F4xx_HAL_Driver\Src\stm32f4xx_ll_usb.o
 .ARM.attributes
                0x00000290       0x39 Middlewares\ST\STM32_USB_Host_Library\Class\HID\Src\usbh_hid.o
 .ARM.attributes
                0x000002c9       0x39 Middlewares\ST\STM32_USB_Host_Library\Class\HID\Src\usbh_hid_ds3.o
 .ARM.attributes
                0x00000302       0x39 Middlewares\ST\STM32_USB_Host_Library\Class\HID\Src\usbh_hid_ds4.o
 .ARM.attributes
                0x0000033b       0x39 Middlewares\ST\STM32_USB_Host_Library\Class\HID\Src\usbh_hid_keybd.o
 .ARM.attributes
                0x00000374       0x39 Middlewares\ST\STM32_USB_Host_Library\Class\HID\Src\usbh_hid_mouse.o
 .ARM.attributes
                0x000003ad       0x39 Middlewares\ST\STM32_USB_Host_Library\Class\HID\Src\usbh_hid_parser.o
 .ARM.attributes
                0x000003e6       0x39 Middlewares\ST\STM32_USB_Host_Library\Class\XPAD\Src\usbh_xpad.o
 .ARM.attributes
                0x0000041f       0x39 Middlewares\ST\STM32_USB_Host_Library\Core\Src\usbh_core.o
 .ARM.attributes
                0x00000458       0x39 Middlewares\ST\STM32_USB_Host_Library\Core\Src\usbh_ctlreq.o
 .ARM.attributes
                0x00000491       0x39 Middlewares\ST\STM32_USB_Host_Library\Core\Src\usbh_ioreq.o
 .ARM.attributes
                0x000004ca       0x39 Middlewares\ST\STM32_USB_Host_Library\Core\Src\usbh_pipes.o
 .ARM.attributes
                0x00000503       0x39 Src\main.o
 .ARM.attributes
                0x0000053c       0x25 Src\my_wait_us_asm.o
 .ARM.attributes
                0x00000561       0x39 Src\stm32f4xx_hal_msp.o
 .ARM.attributes
                0x0000059a       0x39 Src\stm32f4xx_it.o
 .ARM.attributes
                0x000005d3       0x39 Src\system_stm32f4xx.o
 .ARM.attributes
                0x0000060c       0x39 Src\usb_host.o
 .ARM.attributes
                0x00000645       0x39 Src\usbh_conf.o
 .ARM.attributes
                0x0000067e       0x21 startup\startup_stm32f446xx.o
 .ARM.attributes
                0x0000069f       0x34 c:/program files (x86)/atollic/truestudio for stm32 9.0.1/armtools/bin/../lib/gcc/arm-atollic-eabi/6.3.1/../../../../arm-atollic-eabi/lib/armv7e-m/fpu\libc_nano.a(lib_a-init.o)
 .ARM.attributes
                0x000006d3       0x34 c:/program files (x86)/atollic/truestudio for stm32 9.0.1/armtools/bin/../lib/gcc/arm-atollic-eabi/6.3.1/../../../../arm-atollic-eabi/lib/armv7e-m/fpu\libc_nano.a(lib_a-malloc.o)
 .ARM.attributes
                0x00000707       0x34 c:/program files (x86)/atollic/truestudio for stm32 9.0.1/armtools/bin/../lib/gcc/arm-atollic-eabi/6.3.1/../../../../arm-atollic-eabi/lib/armv7e-m/fpu\libc_nano.a(lib_a-memcpy-stub.o)
 .ARM.attributes
                0x0000073b       0x34 c:/program files (x86)/atollic/truestudio for stm32 9.0.1/armtools/bin/../lib/gcc/arm-atollic-eabi/6.3.1/../../../../arm-atollic-eabi/lib/armv7e-m/fpu\libc_nano.a(lib_a-memset.o)
 .ARM.attributes
                0x0000076f       0x34 c:/program files (x86)/atollic/truestudio for stm32 9.0.1/armtools/bin/../lib/gcc/arm-atollic-eabi/6.3.1/../../../../arm-atollic-eabi/lib/armv7e-m/fpu\libc_nano.a(lib_a-nano-freer.o)
 .ARM.attributes
                0x000007a3       0x34 c:/program files (x86)/atollic/truestudio for stm32 9.0.1/armtools/bin/../lib/gcc/arm-atollic-eabi/6.3.1/../../../../arm-atollic-eabi/lib/armv7e-m/fpu\libc_nano.a(lib_a-nano-mallocr.o)
 .ARM.attributes
                0x000007d7       0x34 c:/program files (x86)/atollic/truestudio for stm32 9.0.1/armtools/bin/../lib/gcc/arm-atollic-eabi/6.3.1/../../../../arm-atollic-eabi/lib/armv7e-m/fpu\libc_nano.a(lib_a-sbrkr.o)
 .ARM.attributes
                0x0000080b       0x34 c:/program files (x86)/atollic/truestudio for stm32 9.0.1/armtools/bin/../lib/gcc/arm-atollic-eabi/6.3.1/../../../../arm-atollic-eabi/lib/armv7e-m/fpu\libc_nano.a(lib_a-impure.o)
 .ARM.attributes
                0x0000083f       0x34 c:/program files (x86)/atollic/truestudio for stm32 9.0.1/armtools/bin/../lib/gcc/arm-atollic-eabi/6.3.1/../../../../arm-atollic-eabi/lib/armv7e-m/fpu\libc_nano.a(lib_a-mlock.o)
 .ARM.attributes
                0x00000873       0x34 c:/program files (x86)/atollic/truestudio for stm32 9.0.1/armtools/bin/../lib/gcc/arm-atollic-eabi/6.3.1/../../../../arm-atollic-eabi/lib/armv7e-m/fpu\libc_nano.a(lib_a-reent.o)
 .ARM.attributes
                0x000008a7       0x22 c:/program files (x86)/atollic/truestudio for stm32 9.0.1/armtools/bin/../lib/gcc/arm-atollic-eabi/6.3.1/armv7e-m/fpu\libgcc.a(_aeabi_uldivmod.o)
 .ARM.attributes
                0x000008c9       0x34 c:/program files (x86)/atollic/truestudio for stm32 9.0.1/armtools/bin/../lib/gcc/arm-atollic-eabi/6.3.1/armv7e-m/fpu\libgcc.a(_udivmoddi4.o)
 .ARM.attributes
                0x000008fd       0x22 c:/program files (x86)/atollic/truestudio for stm32 9.0.1/armtools/bin/../lib/gcc/arm-atollic-eabi/6.3.1/armv7e-m/fpu\libgcc.a(_dvmd_tls.o)
 .ARM.attributes
                0x0000091f       0x34 c:/program files (x86)/atollic/truestudio for stm32 9.0.1/armtools/bin/../lib/gcc/arm-atollic-eabi/6.3.1/../../../../arm-atollic-eabi/lib/armv7e-m/fpu\libnosys.a(sbrk.o)
 .ARM.attributes
                0x00000953       0x22 c:/program files (x86)/atollic/truestudio for stm32 9.0.1/armtools/bin/../lib/gcc/arm-atollic-eabi/6.3.1/armv7e-m/fpu/crtn.o
OUTPUT(USBtoN64v2.elf elf32-littlearm)

.debug_info     0x00000000    0x252b1
 .debug_info    0x00000000     0x1170 Drivers\STM32F4xx_HAL_Driver\Src\stm32f4xx_hal.o
 .debug_info    0x00001170     0x1600 Drivers\STM32F4xx_HAL_Driver\Src\stm32f4xx_hal_cortex.o
 .debug_info    0x00002770      0xdc4 Drivers\STM32F4xx_HAL_Driver\Src\stm32f4xx_hal_flash.o
 .debug_info    0x00003534     0x1043 Drivers\STM32F4xx_HAL_Driver\Src\stm32f4xx_hal_flash_ex.o
 .debug_info    0x00004577      0xfc4 Drivers\STM32F4xx_HAL_Driver\Src\stm32f4xx_hal_gpio.o
 .debug_info    0x0000553b     0x1571 Drivers\STM32F4xx_HAL_Driver\Src\stm32f4xx_hal_hcd.o
 .debug_info    0x00006aac     0x10f6 Drivers\STM32F4xx_HAL_Driver\Src\stm32f4xx_hal_rcc.o
 .debug_info    0x00007ba2     0x1195 Drivers\STM32F4xx_HAL_Driver\Src\stm32f4xx_hal_rcc_ex.o
 .debug_info    0x00008d37     0x19dd Drivers\STM32F4xx_HAL_Driver\Src\stm32f4xx_hal_uart.o
 .debug_info    0x0000a714     0x1ce0 Drivers\STM32F4xx_HAL_Driver\Src\stm32f4xx_ll_usb.o
 .debug_info    0x0000c3f4     0x26b0 Middlewares\ST\STM32_USB_Host_Library\Class\HID\Src\usbh_hid.o
 .debug_info    0x0000eaa4     0x1792 Middlewares\ST\STM32_USB_Host_Library\Class\HID\Src\usbh_hid_ds3.o
 .debug_info    0x00010236     0x17e8 Middlewares\ST\STM32_USB_Host_Library\Class\HID\Src\usbh_hid_ds4.o
 .debug_info    0x00011a1e     0x16c4 Middlewares\ST\STM32_USB_Host_Library\Class\HID\Src\usbh_hid_keybd.o
 .debug_info    0x000130e2     0x1572 Middlewares\ST\STM32_USB_Host_Library\Class\HID\Src\usbh_hid_mouse.o
 .debug_info    0x00014654     0x12b4 Middlewares\ST\STM32_USB_Host_Library\Class\HID\Src\usbh_hid_parser.o
 .debug_info    0x00015908     0x1d31 Middlewares\ST\STM32_USB_Host_Library\Class\XPAD\Src\usbh_xpad.o
 .debug_info    0x00017639     0x1590 Middlewares\ST\STM32_USB_Host_Library\Core\Src\usbh_core.o
 .debug_info    0x00018bc9     0x16a3 Middlewares\ST\STM32_USB_Host_Library\Core\Src\usbh_ctlreq.o
 .debug_info    0x0001a26c     0x1430 Middlewares\ST\STM32_USB_Host_Library\Core\Src\usbh_ioreq.o
 .debug_info    0x0001b69c     0x1273 Middlewares\ST\STM32_USB_Host_Library\Core\Src\usbh_pipes.o
 .debug_info    0x0001c90f     0x25e6 Src\main.o
 .debug_info    0x0001eef5       0x74 Src\my_wait_us_asm.o
 .debug_info    0x0001ef69     0x1354 Src\stm32f4xx_hal_msp.o
 .debug_info    0x000202bd      0xe5e Src\stm32f4xx_it.o
 .debug_info    0x0002111b      0xd4b Src\system_stm32f4xx.o
 .debug_info    0x00021e66     0x127f Src\usb_host.o
 .debug_info    0x000230e5     0x2153 Src\usbh_conf.o
 .debug_info    0x00025238       0x79 startup\startup_stm32f446xx.o

.debug_abbrev   0x00000000     0x4b19
 .debug_abbrev  0x00000000      0x280 Drivers\STM32F4xx_HAL_Driver\Src\stm32f4xx_hal.o
 .debug_abbrev  0x00000280      0x371 Drivers\STM32F4xx_HAL_Driver\Src\stm32f4xx_hal_cortex.o
 .debug_abbrev  0x000005f1      0x2df Drivers\STM32F4xx_HAL_Driver\Src\stm32f4xx_hal_flash.o
 .debug_abbrev  0x000008d0      0x2ce Drivers\STM32F4xx_HAL_Driver\Src\stm32f4xx_hal_flash_ex.o
 .debug_abbrev  0x00000b9e      0x24c Drivers\STM32F4xx_HAL_Driver\Src\stm32f4xx_hal_gpio.o
 .debug_abbrev  0x00000dea      0x2c2 Drivers\STM32F4xx_HAL_Driver\Src\stm32f4xx_hal_hcd.o
 .debug_abbrev  0x000010ac      0x2c8 Drivers\STM32F4xx_HAL_Driver\Src\stm32f4xx_hal_rcc.o
 .debug_abbrev  0x00001374      0x23f Drivers\STM32F4xx_HAL_Driver\Src\stm32f4xx_hal_rcc_ex.o
 .debug_abbrev  0x000015b3      0x2bd Drivers\STM32F4xx_HAL_Driver\Src\stm32f4xx_hal_uart.o
 .debug_abbrev  0x00001870      0x2c8 Drivers\STM32F4xx_HAL_Driver\Src\stm32f4xx_ll_usb.o
 .debug_abbrev  0x00001b38      0x437 Middlewares\ST\STM32_USB_Host_Library\Class\HID\Src\usbh_hid.o
 .debug_abbrev  0x00001f6f      0x2e2 Middlewares\ST\STM32_USB_Host_Library\Class\HID\Src\usbh_hid_ds3.o
 .debug_abbrev  0x00002251      0x2f5 Middlewares\ST\STM32_USB_Host_Library\Class\HID\Src\usbh_hid_ds4.o
 .debug_abbrev  0x00002546      0x2bb Middlewares\ST\STM32_USB_Host_Library\Class\HID\Src\usbh_hid_keybd.o
 .debug_abbrev  0x00002801      0x281 Middlewares\ST\STM32_USB_Host_Library\Class\HID\Src\usbh_hid_mouse.o
 .debug_abbrev  0x00002a82      0x26e Middlewares\ST\STM32_USB_Host_Library\Class\HID\Src\usbh_hid_parser.o
 .debug_abbrev  0x00002cf0      0x37b Middlewares\ST\STM32_USB_Host_Library\Class\XPAD\Src\usbh_xpad.o
 .debug_abbrev  0x0000306b      0x34c Middlewares\ST\STM32_USB_Host_Library\Core\Src\usbh_core.o
 .debug_abbrev  0x000033b7      0x305 Middlewares\ST\STM32_USB_Host_Library\Core\Src\usbh_ctlreq.o
 .debug_abbrev  0x000036bc      0x263 Middlewares\ST\STM32_USB_Host_Library\Core\Src\usbh_ioreq.o
 .debug_abbrev  0x0000391f      0x29b Middlewares\ST\STM32_USB_Host_Library\Core\Src\usbh_pipes.o
 .debug_abbrev  0x00003bba      0x403 Src\main.o
 .debug_abbrev  0x00003fbd       0x14 Src\my_wait_us_asm.o
 .debug_abbrev  0x00003fd1      0x1f2 Src\stm32f4xx_hal_msp.o
 .debug_abbrev  0x000041c3      0x1e2 Src\stm32f4xx_it.o
 .debug_abbrev  0x000043a5      0x1ca Src\system_stm32f4xx.o
 .debug_abbrev  0x0000456f      0x261 Src\usb_host.o
 .debug_abbrev  0x000047d0      0x337 Src\usbh_conf.o
 .debug_abbrev  0x00004b07       0x12 startup\startup_stm32f446xx.o

.debug_aranges  0x00000000      0xf78
 .debug_aranges
                0x00000000       0xe0 Drivers\STM32F4xx_HAL_Driver\Src\stm32f4xx_hal.o
 .debug_aranges
                0x000000e0      0x118 Drivers\STM32F4xx_HAL_Driver\Src\stm32f4xx_hal_cortex.o
 .debug_aranges
                0x000001f8       0xa0 Drivers\STM32F4xx_HAL_Driver\Src\stm32f4xx_hal_flash.o
 .debug_aranges
                0x00000298       0xc8 Drivers\STM32F4xx_HAL_Driver\Src\stm32f4xx_hal_flash_ex.o
 .debug_aranges
                0x00000360       0x58 Drivers\STM32F4xx_HAL_Driver\Src\stm32f4xx_hal_gpio.o
 .debug_aranges
                0x000003b8       0xe0 Drivers\STM32F4xx_HAL_Driver\Src\stm32f4xx_hal_hcd.o
 .debug_aranges
                0x00000498       0x88 Drivers\STM32F4xx_HAL_Driver\Src\stm32f4xx_hal_rcc.o
 .debug_aranges
                0x00000520       0x78 Drivers\STM32F4xx_HAL_Driver\Src\stm32f4xx_hal_rcc_ex.o
 .debug_aranges
                0x00000598      0x1d0 Drivers\STM32F4xx_HAL_Driver\Src\stm32f4xx_hal_uart.o
 .debug_aranges
                0x00000768      0x180 Drivers\STM32F4xx_HAL_Driver\Src\stm32f4xx_ll_usb.o
 .debug_aranges
                0x000008e8       0xb8 Middlewares\ST\STM32_USB_Host_Library\Class\HID\Src\usbh_hid.o
 .debug_aranges
                0x000009a0       0x38 Middlewares\ST\STM32_USB_Host_Library\Class\HID\Src\usbh_hid_ds3.o
 .debug_aranges
                0x000009d8       0x38 Middlewares\ST\STM32_USB_Host_Library\Class\HID\Src\usbh_hid_ds4.o
 .debug_aranges
                0x00000a10       0x38 Middlewares\ST\STM32_USB_Host_Library\Class\HID\Src\usbh_hid_keybd.o
 .debug_aranges
                0x00000a48       0x30 Middlewares\ST\STM32_USB_Host_Library\Class\HID\Src\usbh_hid_mouse.o
 .debug_aranges
                0x00000a78       0x28 Middlewares\ST\STM32_USB_Host_Library\Class\HID\Src\usbh_hid_parser.o
 .debug_aranges
                0x00000aa0       0x78 Middlewares\ST\STM32_USB_Host_Library\Class\XPAD\Src\usbh_xpad.o
 .debug_aranges
                0x00000b18       0xa8 Middlewares\ST\STM32_USB_Host_Library\Core\Src\usbh_core.o
 .debug_aranges
                0x00000bc0       0x98 Middlewares\ST\STM32_USB_Host_Library\Core\Src\usbh_ctlreq.o
 .debug_aranges
                0x00000c58       0x60 Middlewares\ST\STM32_USB_Host_Library\Core\Src\usbh_ioreq.o
 .debug_aranges
                0x00000cb8       0x40 Middlewares\ST\STM32_USB_Host_Library\Core\Src\usbh_pipes.o
 .debug_aranges
                0x00000cf8       0xc0 Src\main.o
 .debug_aranges
                0x00000db8       0x20 Src\my_wait_us_asm.o
 .debug_aranges
                0x00000dd8       0x30 Src\stm32f4xx_hal_msp.o
 .debug_aranges
                0x00000e08       0x30 Src\stm32f4xx_it.o
 .debug_aranges
                0x00000e38       0x28 Src\system_stm32f4xx.o
 .debug_aranges
                0x00000e60       0x30 Src\usb_host.o
 .debug_aranges
                0x00000e90       0xc0 Src\usbh_conf.o
 .debug_aranges
                0x00000f50       0x28 startup\startup_stm32f446xx.o

.debug_ranges   0x00000000      0xde8
 .debug_ranges  0x00000000       0xd0 Drivers\STM32F4xx_HAL_Driver\Src\stm32f4xx_hal.o
 .debug_ranges  0x000000d0      0x108 Drivers\STM32F4xx_HAL_Driver\Src\stm32f4xx_hal_cortex.o
 .debug_ranges  0x000001d8       0x90 Drivers\STM32F4xx_HAL_Driver\Src\stm32f4xx_hal_flash.o
 .debug_ranges  0x00000268       0xb8 Drivers\STM32F4xx_HAL_Driver\Src\stm32f4xx_hal_flash_ex.o
 .debug_ranges  0x00000320       0x48 Drivers\STM32F4xx_HAL_Driver\Src\stm32f4xx_hal_gpio.o
 .debug_ranges  0x00000368       0xd0 Drivers\STM32F4xx_HAL_Driver\Src\stm32f4xx_hal_hcd.o
 .debug_ranges  0x00000438       0x78 Drivers\STM32F4xx_HAL_Driver\Src\stm32f4xx_hal_rcc.o
 .debug_ranges  0x000004b0       0x68 Drivers\STM32F4xx_HAL_Driver\Src\stm32f4xx_hal_rcc_ex.o
 .debug_ranges  0x00000518      0x1c0 Drivers\STM32F4xx_HAL_Driver\Src\stm32f4xx_hal_uart.o
 .debug_ranges  0x000006d8      0x170 Drivers\STM32F4xx_HAL_Driver\Src\stm32f4xx_ll_usb.o
 .debug_ranges  0x00000848       0xf0 Middlewares\ST\STM32_USB_Host_Library\Class\HID\Src\usbh_hid.o
 .debug_ranges  0x00000938       0x28 Middlewares\ST\STM32_USB_Host_Library\Class\HID\Src\usbh_hid_ds3.o
 .debug_ranges  0x00000960       0x28 Middlewares\ST\STM32_USB_Host_Library\Class\HID\Src\usbh_hid_ds4.o
 .debug_ranges  0x00000988       0x28 Middlewares\ST\STM32_USB_Host_Library\Class\HID\Src\usbh_hid_keybd.o
 .debug_ranges  0x000009b0       0x20 Middlewares\ST\STM32_USB_Host_Library\Class\HID\Src\usbh_hid_mouse.o
 .debug_ranges  0x000009d0       0x18 Middlewares\ST\STM32_USB_Host_Library\Class\HID\Src\usbh_hid_parser.o
 .debug_ranges  0x000009e8       0x68 Middlewares\ST\STM32_USB_Host_Library\Class\XPAD\Src\usbh_xpad.o
 .debug_ranges  0x00000a50       0x98 Middlewares\ST\STM32_USB_Host_Library\Core\Src\usbh_core.o
 .debug_ranges  0x00000ae8       0x88 Middlewares\ST\STM32_USB_Host_Library\Core\Src\usbh_ctlreq.o
 .debug_ranges  0x00000b70       0x50 Middlewares\ST\STM32_USB_Host_Library\Core\Src\usbh_ioreq.o
 .debug_ranges  0x00000bc0       0x30 Middlewares\ST\STM32_USB_Host_Library\Core\Src\usbh_pipes.o
 .debug_ranges  0x00000bf0       0xb0 Src\main.o
 .debug_ranges  0x00000ca0       0x20 Src\stm32f4xx_hal_msp.o
 .debug_ranges  0x00000cc0       0x20 Src\stm32f4xx_it.o
 .debug_ranges  0x00000ce0       0x18 Src\system_stm32f4xx.o
 .debug_ranges  0x00000cf8       0x20 Src\usb_host.o
 .debug_ranges  0x00000d18       0xb0 Src\usbh_conf.o
 .debug_ranges  0x00000dc8       0x20 startup\startup_stm32f446xx.o

.debug_line     0x00000000     0x8efb
 .debug_line    0x00000000      0x491 Drivers\STM32F4xx_HAL_Driver\Src\stm32f4xx_hal.o
 .debug_line    0x00000491      0x5c9 Drivers\STM32F4xx_HAL_Driver\Src\stm32f4xx_hal_cortex.o
 .debug_line    0x00000a5a      0x498 Drivers\STM32F4xx_HAL_Driver\Src\stm32f4xx_hal_flash.o
 .debug_line    0x00000ef2      0x52f Drivers\STM32F4xx_HAL_Driver\Src\stm32f4xx_hal_flash_ex.o
 .debug_line    0x00001421      0x483 Drivers\STM32F4xx_HAL_Driver\Src\stm32f4xx_hal_gpio.o
 .debug_line    0x000018a4      0x6f9 Drivers\STM32F4xx_HAL_Driver\Src\stm32f4xx_hal_hcd.o
 .debug_line    0x00001f9d      0x530 Drivers\STM32F4xx_HAL_Driver\Src\stm32f4xx_hal_rcc.o
 .debug_line    0x000024cd      0x6ca Drivers\STM32F4xx_HAL_Driver\Src\stm32f4xx_hal_rcc_ex.o
 .debug_line    0x00002b97      0xbb1 Drivers\STM32F4xx_HAL_Driver\Src\stm32f4xx_hal_uart.o
 .debug_line    0x00003748      0x927 Drivers\STM32F4xx_HAL_Driver\Src\stm32f4xx_ll_usb.o
 .debug_line    0x0000406f      0x834 Middlewares\ST\STM32_USB_Host_Library\Class\HID\Src\usbh_hid.o
 .debug_line    0x000048a3      0x3e5 Middlewares\ST\STM32_USB_Host_Library\Class\HID\Src\usbh_hid_ds3.o
 .debug_line    0x00004c88      0x41f Middlewares\ST\STM32_USB_Host_Library\Class\HID\Src\usbh_hid_ds4.o
 .debug_line    0x000050a7      0x403 Middlewares\ST\STM32_USB_Host_Library\Class\HID\Src\usbh_hid_keybd.o
 .debug_line    0x000054aa      0x3c2 Middlewares\ST\STM32_USB_Host_Library\Class\HID\Src\usbh_hid_mouse.o
 .debug_line    0x0000586c      0x403 Middlewares\ST\STM32_USB_Host_Library\Class\HID\Src\usbh_hid_parser.o
 .debug_line    0x00005c6f      0x5e6 Middlewares\ST\STM32_USB_Host_Library\Class\XPAD\Src\usbh_xpad.o
 .debug_line    0x00006255      0x5cd Middlewares\ST\STM32_USB_Host_Library\Core\Src\usbh_core.o
 .debug_line    0x00006822      0x577 Middlewares\ST\STM32_USB_Host_Library\Core\Src\usbh_ctlreq.o
 .debug_line    0x00006d99      0x3b7 Middlewares\ST\STM32_USB_Host_Library\Core\Src\usbh_ioreq.o
 .debug_line    0x00007150      0x36f Middlewares\ST\STM32_USB_Host_Library\Core\Src\usbh_pipes.o
 .debug_line    0x000074bf      0x753 Src\main.o
 .debug_line    0x00007c12       0xed Src\my_wait_us_asm.o
 .debug_line    0x00007cff      0x2fb Src\stm32f4xx_hal_msp.o
 .debug_line    0x00007ffa      0x2db Src\stm32f4xx_it.o
 .debug_line    0x000082d5      0x270 Src\system_stm32f4xx.o
 .debug_line    0x00008545      0x3b3 Src\usb_host.o
 .debug_line    0x000088f8      0x584 Src\usbh_conf.o
 .debug_line    0x00008e7c       0x7f startup\startup_stm32f446xx.o

.debug_str      0x00000000     0x5bbc
 .debug_str     0x00000000      0xefb Drivers\STM32F4xx_HAL_Driver\Src\stm32f4xx_hal.o
                                0xfdc (size before relaxing)
 .debug_str     0x00000efb      0x408 Drivers\STM32F4xx_HAL_Driver\Src\stm32f4xx_hal_cortex.o
                               0x10d3 (size before relaxing)
 .debug_str     0x00001303      0x2c1 Drivers\STM32F4xx_HAL_Driver\Src\stm32f4xx_hal_flash.o
                                0x99b (size before relaxing)
 .debug_str     0x000015c4      0x31d Drivers\STM32F4xx_HAL_Driver\Src\stm32f4xx_hal_flash_ex.o
                                0xada (size before relaxing)
 .debug_str     0x000018e1      0x1cd Drivers\STM32F4xx_HAL_Driver\Src\stm32f4xx_hal_gpio.o
                                0x98d (size before relaxing)
 .debug_str     0x00001aae      0x729 Drivers\STM32F4xx_HAL_Driver\Src\stm32f4xx_hal_hcd.o
                                0xe36 (size before relaxing)
 .debug_str     0x000021d7      0x2e3 Drivers\STM32F4xx_HAL_Driver\Src\stm32f4xx_hal_rcc.o
                                0xb3e (size before relaxing)
 .debug_str     0x000024ba      0x347 Drivers\STM32F4xx_HAL_Driver\Src\stm32f4xx_hal_rcc_ex.o
                                0xc4f (size before relaxing)
 .debug_str     0x00002801      0x8c2 Drivers\STM32F4xx_HAL_Driver\Src\stm32f4xx_hal_uart.o
                               0x1004 (size before relaxing)
 .debug_str     0x000030c3      0x57f Drivers\STM32F4xx_HAL_Driver\Src\stm32f4xx_ll_usb.o
                               0x1047 (size before relaxing)
 .debug_str     0x00003642     0x11a6 Middlewares\ST\STM32_USB_Host_Library\Class\HID\Src\usbh_hid.o
                               0x198f (size before relaxing)
 .debug_str     0x000047e8      0x11c Middlewares\ST\STM32_USB_Host_Library\Class\HID\Src\usbh_hid_ds3.o
                               0x12db (size before relaxing)
 .debug_str     0x00004904      0x169 Middlewares\ST\STM32_USB_Host_Library\Class\HID\Src\usbh_hid_ds4.o
                               0x132e (size before relaxing)
 .debug_str     0x00004a6d      0x15b Middlewares\ST\STM32_USB_Host_Library\Class\HID\Src\usbh_hid_keybd.o
                               0x124a (size before relaxing)
 .debug_str     0x00004bc8       0xf8 Middlewares\ST\STM32_USB_Host_Library\Class\HID\Src\usbh_hid_mouse.o
                               0x1193 (size before relaxing)
 .debug_str     0x00004cc0       0x6e Middlewares\ST\STM32_USB_Host_Library\Class\HID\Src\usbh_hid_parser.o
                                0xebf (size before relaxing)
 .debug_str     0x00004d2e      0x48e Middlewares\ST\STM32_USB_Host_Library\Class\XPAD\Src\usbh_xpad.o
                               0x163b (size before relaxing)
 .debug_str     0x000051bc      0x1d2 Middlewares\ST\STM32_USB_Host_Library\Core\Src\usbh_core.o
                                0xffd (size before relaxing)
 .debug_str     0x0000538e      0x232 Middlewares\ST\STM32_USB_Host_Library\Core\Src\usbh_ctlreq.o
                               0x10a5 (size before relaxing)
 .debug_str     0x000055c0       0xfe Middlewares\ST\STM32_USB_Host_Library\Core\Src\usbh_ioreq.o
                                0xf20 (size before relaxing)
 .debug_str     0x000056be       0x8f Middlewares\ST\STM32_USB_Host_Library\Core\Src\usbh_pipes.o
                                0xea5 (size before relaxing)
 .debug_str     0x0000574d      0x1a5 Src\main.o
                               0x2049 (size before relaxing)
 .debug_str     0x000058f2       0x1b Src\stm32f4xx_hal_msp.o
                               0x1131 (size before relaxing)
 .debug_str     0x0000590d       0x5b Src\stm32f4xx_it.o
                                0xab4 (size before relaxing)
 .debug_str     0x00005968       0x45 Src\system_stm32f4xx.o
                                0x7f1 (size before relaxing)
 .debug_str     0x000059ad       0xbe Src\usb_host.o
                                0xf17 (size before relaxing)
 .debug_str     0x00005a6b      0x151 Src\usbh_conf.o
                               0x1be8 (size before relaxing)

.comment        0x00000000       0x7c
 .comment       0x00000000       0x7c Drivers\STM32F4xx_HAL_Driver\Src\stm32f4xx_hal.o
                                 0x7d (size before relaxing)
 .comment       0x0000007c       0x7d Drivers\STM32F4xx_HAL_Driver\Src\stm32f4xx_hal_cortex.o
 .comment       0x0000007c       0x7d Drivers\STM32F4xx_HAL_Driver\Src\stm32f4xx_hal_flash.o
 .comment       0x0000007c       0x7d Drivers\STM32F4xx_HAL_Driver\Src\stm32f4xx_hal_flash_ex.o
 .comment       0x0000007c       0x7d Drivers\STM32F4xx_HAL_Driver\Src\stm32f4xx_hal_gpio.o
 .comment       0x0000007c       0x7d Drivers\STM32F4xx_HAL_Driver\Src\stm32f4xx_hal_hcd.o
 .comment       0x0000007c       0x7d Drivers\STM32F4xx_HAL_Driver\Src\stm32f4xx_hal_rcc.o
 .comment       0x0000007c       0x7d Drivers\STM32F4xx_HAL_Driver\Src\stm32f4xx_hal_rcc_ex.o
 .comment       0x0000007c       0x7d Drivers\STM32F4xx_HAL_Driver\Src\stm32f4xx_hal_uart.o
 .comment       0x0000007c       0x7d Drivers\STM32F4xx_HAL_Driver\Src\stm32f4xx_ll_usb.o
 .comment       0x0000007c       0x7d Middlewares\ST\STM32_USB_Host_Library\Class\HID\Src\usbh_hid.o
 .comment       0x0000007c       0x7d Middlewares\ST\STM32_USB_Host_Library\Class\HID\Src\usbh_hid_ds3.o
 .comment       0x0000007c       0x7d Middlewares\ST\STM32_USB_Host_Library\Class\HID\Src\usbh_hid_ds4.o
 .comment       0x0000007c       0x7d Middlewares\ST\STM32_USB_Host_Library\Class\HID\Src\usbh_hid_keybd.o
 .comment       0x0000007c       0x7d Middlewares\ST\STM32_USB_Host_Library\Class\HID\Src\usbh_hid_mouse.o
 .comment       0x0000007c       0x7d Middlewares\ST\STM32_USB_Host_Library\Class\HID\Src\usbh_hid_parser.o
 .comment       0x0000007c       0x7d Middlewares\ST\STM32_USB_Host_Library\Class\XPAD\Src\usbh_xpad.o
 .comment       0x0000007c       0x7d Middlewares\ST\STM32_USB_Host_Library\Core\Src\usbh_core.o
 .comment       0x0000007c       0x7d Middlewares\ST\STM32_USB_Host_Library\Core\Src\usbh_ctlreq.o
 .comment       0x0000007c       0x7d Middlewares\ST\STM32_USB_Host_Library\Core\Src\usbh_ioreq.o
 .comment       0x0000007c       0x7d Middlewares\ST\STM32_USB_Host_Library\Core\Src\usbh_pipes.o
 .comment       0x0000007c       0x7d Src\main.o
 .comment       0x0000007c       0x7d Src\stm32f4xx_hal_msp.o
 .comment       0x0000007c       0x7d Src\stm32f4xx_it.o
 .comment       0x0000007c       0x7d Src\system_stm32f4xx.o
 .comment       0x0000007c       0x7d Src\usb_host.o
 .comment       0x0000007c       0x7d Src\usbh_conf.o

.debug_frame    0x00000000     0x3ec4
 .debug_frame   0x00000000      0x33c Drivers\STM32F4xx_HAL_Driver\Src\stm32f4xx_hal.o
 .debug_frame   0x0000033c      0x498 Drivers\STM32F4xx_HAL_Driver\Src\stm32f4xx_hal_cortex.o
 .debug_frame   0x000007d4      0x27c Drivers\STM32F4xx_HAL_Driver\Src\stm32f4xx_hal_flash.o
 .debug_frame   0x00000a50      0x334 Drivers\STM32F4xx_HAL_Driver\Src\stm32f4xx_hal_flash_ex.o
 .debug_frame   0x00000d84      0x14c Drivers\STM32F4xx_HAL_Driver\Src\stm32f4xx_hal_gpio.o
 .debug_frame   0x00000ed0      0x3d4 Drivers\STM32F4xx_HAL_Driver\Src\stm32f4xx_hal_hcd.o
 .debug_frame   0x000012a4      0x1f8 Drivers\STM32F4xx_HAL_Driver\Src\stm32f4xx_hal_rcc.o
 .debug_frame   0x0000149c      0x1e8 Drivers\STM32F4xx_HAL_Driver\Src\stm32f4xx_hal_rcc_ex.o
 .debug_frame   0x00001684      0x83c Drivers\STM32F4xx_HAL_Driver\Src\stm32f4xx_hal_uart.o
 .debug_frame   0x00001ec0      0x710 Drivers\STM32F4xx_HAL_Driver\Src\stm32f4xx_ll_usb.o
 .debug_frame   0x000025d0      0x328 Middlewares\ST\STM32_USB_Host_Library\Class\HID\Src\usbh_hid.o
 .debug_frame   0x000028f8       0xa0 Middlewares\ST\STM32_USB_Host_Library\Class\HID\Src\usbh_hid_ds3.o
 .debug_frame   0x00002998       0xa8 Middlewares\ST\STM32_USB_Host_Library\Class\HID\Src\usbh_hid_ds4.o
 .debug_frame   0x00002a40       0xa8 Middlewares\ST\STM32_USB_Host_Library\Class\HID\Src\usbh_hid_keybd.o
 .debug_frame   0x00002ae8       0x7c Middlewares\ST\STM32_USB_Host_Library\Class\HID\Src\usbh_hid_mouse.o
 .debug_frame   0x00002b64       0x64 Middlewares\ST\STM32_USB_Host_Library\Class\HID\Src\usbh_hid_parser.o
 .debug_frame   0x00002bc8      0x1e8 Middlewares\ST\STM32_USB_Host_Library\Class\XPAD\Src\usbh_xpad.o
 .debug_frame   0x00002db0      0x2bc Middlewares\ST\STM32_USB_Host_Library\Core\Src\usbh_core.o
 .debug_frame   0x0000306c      0x268 Middlewares\ST\STM32_USB_Host_Library\Core\Src\usbh_ctlreq.o
 .debug_frame   0x000032d4      0x154 Middlewares\ST\STM32_USB_Host_Library\Core\Src\usbh_ioreq.o
 .debug_frame   0x00003428       0xcc Middlewares\ST\STM32_USB_Host_Library\Core\Src\usbh_pipes.o
 .debug_frame   0x000034f4      0x2c8 Src\main.o
 .debug_frame   0x000037bc       0x7c Src\stm32f4xx_hal_msp.o
 .debug_frame   0x00003838       0x6c Src\stm32f4xx_it.o
 .debug_frame   0x000038a4       0x58 Src\system_stm32f4xx.o
 .debug_frame   0x000038fc       0x70 Src\usb_host.o
 .debug_frame   0x0000396c      0x318 Src\usbh_conf.o
 .debug_frame   0x00003c84       0x2c c:/program files (x86)/atollic/truestudio for stm32 9.0.1/armtools/bin/../lib/gcc/arm-atollic-eabi/6.3.1/../../../../arm-atollic-eabi/lib/armv7e-m/fpu\libc_nano.a(lib_a-init.o)
 .debug_frame   0x00003cb0       0x30 c:/program files (x86)/atollic/truestudio for stm32 9.0.1/armtools/bin/../lib/gcc/arm-atollic-eabi/6.3.1/../../../../arm-atollic-eabi/lib/armv7e-m/fpu\libc_nano.a(lib_a-malloc.o)
 .debug_frame   0x00003ce0       0x28 c:/program files (x86)/atollic/truestudio for stm32 9.0.1/armtools/bin/../lib/gcc/arm-atollic-eabi/6.3.1/../../../../arm-atollic-eabi/lib/armv7e-m/fpu\libc_nano.a(lib_a-memcpy-stub.o)
 .debug_frame   0x00003d08       0x20 c:/program files (x86)/atollic/truestudio for stm32 9.0.1/armtools/bin/../lib/gcc/arm-atollic-eabi/6.3.1/../../../../arm-atollic-eabi/lib/armv7e-m/fpu\libc_nano.a(lib_a-memset.o)
 .debug_frame   0x00003d28       0x38 c:/program files (x86)/atollic/truestudio for stm32 9.0.1/armtools/bin/../lib/gcc/arm-atollic-eabi/6.3.1/../../../../arm-atollic-eabi/lib/armv7e-m/fpu\libc_nano.a(lib_a-nano-freer.o)
 .debug_frame   0x00003d60       0x2c c:/program files (x86)/atollic/truestudio for stm32 9.0.1/armtools/bin/../lib/gcc/arm-atollic-eabi/6.3.1/../../../../arm-atollic-eabi/lib/armv7e-m/fpu\libc_nano.a(lib_a-nano-mallocr.o)