main.c:94:6:ChangeButtonMappingKB	16	static
main.c:170:6:ChangeButtonMappingController	16	static
main.c:232:6:SaveControls	48	static
main.c:263:6:LoadControls	8	static
main.c:268:6:AdvanceState	8	static
main.c:279:9:reverse	16	static
main.c:287:6:SetN64DataInputMode	4	static
main.c:294:6:SetN64DataOutputMode	4	static
main.c:301:6:write_1	8	static
main.c:309:6:write_0	8	static
main.c:317:6:SendStop	8	static
main.c:325:6:SendByte	24	static
main.c:340:6:SendIdentity	8	static
main.c:349:6:SendControllerData	24	static
main.c:373:9:GetMiddleOfPulse	16	static
main.c:407:9:readCommand	24	static
main.c:441:5:main	8	static
main.c:547:6:SystemClock_Config	184	static
main.c:611:13:MX_USART2_UART_Init	8	static
main.c:638:13:MX_GPIO_Init	48	static
main.c:735:6:_Error_Handler	16	static
